Archive member included to satisfy reference by file (symbol)

c:/st/stm32cubeide_1.0.1/stm32cubeide/plugins/com.st.stm32cube.ide.mcu.externaltools.gnu-tools-for-stm32.7-2018-q2-update.win32_1.0.0.201904181610/tools/bin/../lib/gcc/arm-none-eabi/7.3.1/../../../../arm-none-eabi/lib/thumb/v7e-m/fpv4-sp/hard\libc_nano.a(lib_a-errno.o)
                              Src/syscalls.o (__errno)
c:/st/stm32cubeide_1.0.1/stm32cubeide/plugins/com.st.stm32cube.ide.mcu.externaltools.gnu-tools-for-stm32.7-2018-q2-update.win32_1.0.0.201904181610/tools/bin/../lib/gcc/arm-none-eabi/7.3.1/../../../../arm-none-eabi/lib/thumb/v7e-m/fpv4-sp/hard\libc_nano.a(lib_a-exit.o)
                              c:/st/stm32cubeide_1.0.1/stm32cubeide/plugins/com.st.stm32cube.ide.mcu.externaltools.gnu-tools-for-stm32.7-2018-q2-update.win32_1.0.0.201904181610/tools/bin/../lib/gcc/arm-none-eabi/7.3.1/../../../../arm-none-eabi/lib/thumb/v7e-m/fpv4-sp/hard/crt0.o (exit)
c:/st/stm32cubeide_1.0.1/stm32cubeide/plugins/com.st.stm32cube.ide.mcu.externaltools.gnu-tools-for-stm32.7-2018-q2-update.win32_1.0.0.201904181610/tools/bin/../lib/gcc/arm-none-eabi/7.3.1/../../../../arm-none-eabi/lib/thumb/v7e-m/fpv4-sp/hard\libc_nano.a(lib_a-impure.o)
                              c:/st/stm32cubeide_1.0.1/stm32cubeide/plugins/com.st.stm32cube.ide.mcu.externaltools.gnu-tools-for-stm32.7-2018-q2-update.win32_1.0.0.201904181610/tools/bin/../lib/gcc/arm-none-eabi/7.3.1/../../../../arm-none-eabi/lib/thumb/v7e-m/fpv4-sp/hard\libc_nano.a(lib_a-exit.o) (_global_impure_ptr)
c:/st/stm32cubeide_1.0.1/stm32cubeide/plugins/com.st.stm32cube.ide.mcu.externaltools.gnu-tools-for-stm32.7-2018-q2-update.win32_1.0.0.201904181610/tools/bin/../lib/gcc/arm-none-eabi/7.3.1/../../../../arm-none-eabi/lib/thumb/v7e-m/fpv4-sp/hard\libc_nano.a(lib_a-init.o)
                              c:/st/stm32cubeide_1.0.1/stm32cubeide/plugins/com.st.stm32cube.ide.mcu.externaltools.gnu-tools-for-stm32.7-2018-q2-update.win32_1.0.0.201904181610/tools/bin/../lib/gcc/arm-none-eabi/7.3.1/../../../../arm-none-eabi/lib/thumb/v7e-m/fpv4-sp/hard/crt0.o (__libc_init_array)
c:/st/stm32cubeide_1.0.1/stm32cubeide/plugins/com.st.stm32cube.ide.mcu.externaltools.gnu-tools-for-stm32.7-2018-q2-update.win32_1.0.0.201904181610/tools/bin/../lib/gcc/arm-none-eabi/7.3.1/../../../../arm-none-eabi/lib/thumb/v7e-m/fpv4-sp/hard\libc_nano.a(lib_a-itoa.o)
                              Src/main.o (itoa)
c:/st/stm32cubeide_1.0.1/stm32cubeide/plugins/com.st.stm32cube.ide.mcu.externaltools.gnu-tools-for-stm32.7-2018-q2-update.win32_1.0.0.201904181610/tools/bin/../lib/gcc/arm-none-eabi/7.3.1/../../../../arm-none-eabi/lib/thumb/v7e-m/fpv4-sp/hard\libc_nano.a(lib_a-memcpy-stub.o)
                              Middlewares/Third_Party/FreeRTOS/Source/queue.o (memcpy)
c:/st/stm32cubeide_1.0.1/stm32cubeide/plugins/com.st.stm32cube.ide.mcu.externaltools.gnu-tools-for-stm32.7-2018-q2-update.win32_1.0.0.201904181610/tools/bin/../lib/gcc/arm-none-eabi/7.3.1/../../../../arm-none-eabi/lib/thumb/v7e-m/fpv4-sp/hard\libc_nano.a(lib_a-memset.o)
                              c:/st/stm32cubeide_1.0.1/stm32cubeide/plugins/com.st.stm32cube.ide.mcu.externaltools.gnu-tools-for-stm32.7-2018-q2-update.win32_1.0.0.201904181610/tools/bin/../lib/gcc/arm-none-eabi/7.3.1/../../../../arm-none-eabi/lib/thumb/v7e-m/fpv4-sp/hard/crt0.o (memset)
c:/st/stm32cubeide_1.0.1/stm32cubeide/plugins/com.st.stm32cube.ide.mcu.externaltools.gnu-tools-for-stm32.7-2018-q2-update.win32_1.0.0.201904181610/tools/bin/../lib/gcc/arm-none-eabi/7.3.1/../../../../arm-none-eabi/lib/thumb/v7e-m/fpv4-sp/hard\libc_nano.a(lib_a-sprintf.o)
                              Src/main.o (sprintf)
c:/st/stm32cubeide_1.0.1/stm32cubeide/plugins/com.st.stm32cube.ide.mcu.externaltools.gnu-tools-for-stm32.7-2018-q2-update.win32_1.0.0.201904181610/tools/bin/../lib/gcc/arm-none-eabi/7.3.1/../../../../arm-none-eabi/lib/thumb/v7e-m/fpv4-sp/hard\libc_nano.a(lib_a-strcat.o)
                              Src/main.o (strcat)
c:/st/stm32cubeide_1.0.1/stm32cubeide/plugins/com.st.stm32cube.ide.mcu.externaltools.gnu-tools-for-stm32.7-2018-q2-update.win32_1.0.0.201904181610/tools/bin/../lib/gcc/arm-none-eabi/7.3.1/../../../../arm-none-eabi/lib/thumb/v7e-m/fpv4-sp/hard\libc_nano.a(lib_a-strlen.o)
                              Src/main.o (strlen)
c:/st/stm32cubeide_1.0.1/stm32cubeide/plugins/com.st.stm32cube.ide.mcu.externaltools.gnu-tools-for-stm32.7-2018-q2-update.win32_1.0.0.201904181610/tools/bin/../lib/gcc/arm-none-eabi/7.3.1/../../../../arm-none-eabi/lib/thumb/v7e-m/fpv4-sp/hard\libc_nano.a(lib_a-utoa.o)
                              c:/st/stm32cubeide_1.0.1/stm32cubeide/plugins/com.st.stm32cube.ide.mcu.externaltools.gnu-tools-for-stm32.7-2018-q2-update.win32_1.0.0.201904181610/tools/bin/../lib/gcc/arm-none-eabi/7.3.1/../../../../arm-none-eabi/lib/thumb/v7e-m/fpv4-sp/hard\libc_nano.a(lib_a-itoa.o) (__utoa)
[...]
Memory Configuration

Name             Origin             Length             Attributes
RAM              0x0000000020000000 0x0000000000020000 xrw
FLASH            0x0000000008000000 0x0000000000080000 xr
*default*        0x0000000000000000 0xffffffffffffffff

Linker script and memory map

LOAD c:/st/stm32cubeide_1.0.1/stm32cubeide/plugins/com.st.stm32cube.ide.mcu.externaltools.gnu-tools-for-stm32.7-2018-q2-update.win32_1.0.0.201904181610/tools/bin/../lib/gcc/arm-none-eabi/7.3.1/thumb/v7e-m/fpv4-sp/hard/crti.o
LOAD c:/st/stm32cubeide_1.0.1/stm32cubeide/plugins/com.st.stm32cube.ide.mcu.externaltools.gnu-tools-for-stm32.7-2018-q2-update.win32_1.0.0.201904181610/tools/bin/../lib/gcc/arm-none-eabi/7.3.1/thumb/v7e-m/fpv4-sp/hard/crtbegin.o
LOAD c:/st/stm32cubeide_1.0.1/stm32cubeide/plugins/com.st.stm32cube.ide.mcu.externaltools.gnu-tools-for-stm32.7-2018-q2-update.win32_1.0.0.201904181610/tools/bin/../lib/gcc/arm-none-eabi/7.3.1/../../../../arm-none-eabi/lib/thumb/v7e-m/fpv4-sp/hard/crt0.o
LOAD Drivers/STM32F4xx_HAL_Driver/Src/stm32f4xx_hal.o
LOAD Drivers/STM32F4xx_HAL_Driver/Src/stm32f4xx_hal_cortex.o
LOAD Drivers/STM32F4xx_HAL_Driver/Src/stm32f4xx_hal_dma.o
LOAD Drivers/STM32F4xx_HAL_Driver/Src/stm32f4xx_hal_dma_ex.o
LOAD Drivers/STM32F4xx_HAL_Driver/Src/stm32f4xx_hal_exti.o
LOAD Drivers/STM32F4xx_HAL_Driver/Src/stm32f4xx_hal_flash.o
LOAD Drivers/STM32F4xx_HAL_Driver/Src/stm32f4xx_hal_flash_ex.o
LOAD Drivers/STM32F4xx_HAL_Driver/Src/stm32f4xx_hal_flash_ramfunc.o
LOAD Drivers/STM32F4xx_HAL_Driver/Src/stm32f4xx_hal_gpio.o
LOAD Drivers/STM32F4xx_HAL_Driver/Src/stm32f4xx_hal_i2c.o
LOAD Drivers/STM32F4xx_HAL_Driver/Src/stm32f4xx_hal_i2c_ex.o
LOAD Drivers/STM32F4xx_HAL_Driver/Src/stm32f4xx_hal_pwr.o
LOAD Drivers/STM32F4xx_HAL_Driver/Src/stm32f4xx_hal_pwr_ex.o
LOAD Drivers/STM32F4xx_HAL_Driver/Src/stm32f4xx_hal_rcc.o
LOAD Drivers/STM32F4xx_HAL_Driver/Src/stm32f4xx_hal_rcc_ex.o
LOAD Drivers/STM32F4xx_HAL_Driver/Src/stm32f4xx_hal_spi.o
LOAD Drivers/STM32F4xx_HAL_Driver/Src/stm32f4xx_hal_tim.o
LOAD Drivers/STM32F4xx_HAL_Driver/Src/stm32f4xx_hal_tim_ex.o
LOAD Drivers/STM32F4xx_HAL_Driver/Src/stm32f4xx_hal_uart.o
LOAD Middlewares/Third_Party/FreeRTOS/Source/CMSIS_RTOS/cmsis_os.o
LOAD Middlewares/Third_Party/FreeRTOS/Source/croutine.o
LOAD Middlewares/Third_Party/FreeRTOS/Source/event_groups.o
LOAD Middlewares/Third_Party/FreeRTOS/Source/list.o
LOAD Middlewares/Third_Party/FreeRTOS/Source/queue.o
LOAD Middlewares/Third_Party/FreeRTOS/Source/stream_buffer.o
LOAD Middlewares/Third_Party/FreeRTOS/Source/tasks.o
LOAD Middlewares/Third_Party/FreeRTOS/Source/timers.o
LOAD Middlewares/Third_Party/FreeRTOS/Source/portable/GCC/ARM_CM4F/port.o
LOAD Middlewares/Third_Party/FreeRTOS/Source/portable/MemMang/heap_4.o
LOAD Src/fan.o
LOAD Src/freertos.o
LOAD Src/main.o
LOAD Src/sensirion_common.o
LOAD Src/sensirion_hw_i2c_implementation.o
LOAD Src/sgp30.o
LOAD Src/shtc1.o
LOAD Src/sps30.o
LOAD Src/stepmotor.o
LOAD Src/stm32f4xx_hal_msp.o
LOAD Src/stm32f4xx_hal_timebase_tim.o
LOAD Src/stm32f4xx_it.o
LOAD Src/svm30.o
LOAD Src/syscalls.o
LOAD Src/sysmem.o
LOAD Src/system_stm32f4xx.o
LOAD Src/tft_spi.o
LOAD Startup/startup_stm32f411retx.o
START GROUP
LOAD c:/st/stm32cubeide_1.0.1/stm32cubeide/plugins/com.st.stm32cube.ide.mcu.externaltools.gnu-tools-for-stm32.7-2018-q2-update.win32_1.0.0.201904181610/tools/bin/../lib/gcc/arm-none-eabi/7.3.1/../../../../arm-none-eabi/lib/thumb/v7e-m/fpv4-sp/hard\libc_nano.a
LOAD c:/st/stm32cubeide_1.0.1/stm32cubeide/plugins/com.st.stm32cube.ide.mcu.externaltools.gnu-tools-for-stm32.7-2018-q2-update.win32_1.0.0.201904181610/tools/bin/../lib/gcc/arm-none-eabi/7.3.1/../../../../arm-none-eabi/lib/thumb/v7e-m/fpv4-sp/hard\libm.a
END GROUP
START GROUP
LOAD c:/st/stm32cubeide_1.0.1/stm32cubeide/plugins/com.st.stm32cube.ide.mcu.externaltools.gnu-tools-for-stm32.7-2018-q2-update.win32_1.0.0.201904181610/tools/bin/../lib/gcc/arm-none-eabi/7.3.1/thumb/v7e-m/fpv4-sp/hard\libgcc.a
LOAD c:/st/stm32cubeide_1.0.1/stm32cubeide/plugins/com.st.stm32cube.ide.mcu.externaltools.gnu-tools-for-stm32.7-2018-q2-update.win32_1.0.0.201904181610/tools/bin/../lib/gcc/arm-none-eabi/7.3.1/../../../../arm-none-eabi/lib/thumb/v7e-m/fpv4-sp/hard\libc_nano.a
END GROUP
START GROUP
LOAD c:/st/stm32cubeide_1.0.1/stm32cubeide/plugins/com.st.stm32cube.ide.mcu.externaltools.gnu-tools-for-stm32.7-2018-q2-update.win32_1.0.0.201904181610/tools/bin/../lib/gcc/arm-none-eabi/7.3.1/thumb/v7e-m/fpv4-sp/hard\libgcc.a
LOAD c:/st/stm32cubeide_1.0.1/stm32cubeide/plugins/com.st.stm32cube.ide.mcu.externaltools.gnu-tools-for-stm32.7-2018-q2-update.win32_1.0.0.201904181610/tools/bin/../lib/gcc/arm-none-eabi/7.3.1/../../../../arm-none-eabi/lib/thumb/v7e-m/fpv4-sp/hard\libc_nano.a
LOAD c:/st/stm32cubeide_1.0.1/stm32cubeide/plugins/com.st.stm32cube.ide.mcu.externaltools.gnu-tools-for-stm32.7-2018-q2-update.win32_1.0.0.201904181610/tools/bin/../lib/gcc/arm-none-eabi/7.3.1/../../../../arm-none-eabi/lib/thumb/v7e-m/fpv4-sp/hard\libnosys.a
END GROUP
START GROUP
LOAD c:/st/stm32cubeide_1.0.1/stm32cubeide/plugins/com.st.stm32cube.ide.mcu.externaltools.gnu-tools-for-stm32.7-2018-q2-update.win32_1.0.0.201904181610/tools/bin/../lib/gcc/arm-none-eabi/7.3.1/thumb/v7e-m/fpv4-sp/hard\libgcc.a
LOAD c:/st/stm32cubeide_1.0.1/stm32cubeide/plugins/com.st.stm32cube.ide.mcu.externaltools.gnu-tools-for-stm32.7-2018-q2-update.win32_1.0.0.201904181610/tools/bin/../lib/gcc/arm-none-eabi/7.3.1/../../../../arm-none-eabi/lib/thumb/v7e-m/fpv4-sp/hard\libc_nano.a
LOAD c:/st/stm32cubeide_1.0.1/stm32cubeide/plugins/com.st.stm32cube.ide.mcu.externaltools.gnu-tools-for-stm32.7-2018-q2-update.win32_1.0.0.201904181610/tools/bin/../lib/gcc/arm-none-eabi/7.3.1/../../../../arm-none-eabi/lib/thumb/v7e-m/fpv4-sp/hard\libnosys.a
END GROUP
LOAD c:/st/stm32cubeide_1.0.1/stm32cubeide/plugins/com.st.stm32cube.ide.mcu.externaltools.gnu-tools-for-stm32.7-2018-q2-update.win32_1.0.0.201904181610/tools/bin/../lib/gcc/arm-none-eabi/7.3.1/thumb/v7e-m/fpv4-sp/hard/crtend.o
LOAD c:/st/stm32cubeide_1.0.1/stm32cubeide/plugins/com.st.stm32cube.ide.mcu.externaltools.gnu-tools-for-stm32.7-2018-q2-update.win32_1.0.0.201904181610/tools/bin/../lib/gcc/arm-none-eabi/7.3.1/thumb/v7e-m/fpv4-sp/hard/crtn.o
                0x0000000020020000                _estack = 0x20020000
                0x0000000000000200                _Min_Heap_Size = 0x200
                0x0000000000000400                _Min_Stack_Size = 0x400

.isr_vector     0x0000000008000000      0x198
                0x0000000008000000                . = ALIGN (0x4)
 *(.isr_vector)
 .isr_vector    0x0000000008000000      0x198 Startup/startup_stm32f411retx.o
                0x0000000008000000                g_pfnVectors
                0x0000000008000198                . = ALIGN (0x4)

.text           0x00000000080001a0     0xccb8
                0x00000000080001a0                . = ALIGN (0x4)
 *(.text)
 .text          0x00000000080001a0       0x40 c:/st/stm32cubeide_1.0.1/stm32cubeide/plugins/com.st.stm32cube.ide.mcu.externaltools.gnu-tools-for-stm32.7-2018-q2-update.win32_1.0.0.201904181610/tools/bin/../lib/gcc/arm-none-eabi/7.3.1/thumb/v7e-m/fpv4-sp/hard/crtbegin.o
 .text          0x00000000080001e0       0x10 c:/st/stm32cubeide_1.0.1/stm32cubeide/plugins/com.st.stm32cube.ide.mcu.externaltools.gnu-tools-for-stm32.7-2018-q2-update.win32_1.0.0.201904181610/tools/bin/../lib/gcc/arm-none-eabi/7.3.1/../../../../arm-none-eabi/lib/thumb/v7e-m/fpv4-sp/hard\libc_nano.a(lib_a-strlen.o)
                0x00000000080001e0                strlen
 .text          0x00000000080001f0       0xa0 c:/st/stm32cubeide_1.0.1/stm32cubeide/plugins/com.st.stm32cube.ide.mcu.externaltools.gnu-tools-for-stm32.7-2018-q2-update.win32_1.0.0.201904181610/tools/bin/../lib/gcc/arm-none-eabi/7.3.1/../../../../arm-none-eabi/lib/thumb/v7e-m/fpv4-sp/hard\libc_nano.a(lib_a-memchr.o)
                0x00000000080001f0                memchr
 .text          0x0000000008000290      0x378 c:/st/stm32cubeide_1.0.1/stm32cubeide/plugins/com.st.stm32cube.ide.mcu.externaltools.gnu-tools-for-stm32.7-2018-q2-update.win32_1.0.0.201904181610/tools/bin/../lib/gcc/arm-none-eabi/7.3.1/thumb/v7e-m/fpv4-sp/hard\libgcc.a(_arm_addsubdf3.o)
                0x0000000008000290                __aeabi_drsub
                0x0000000008000298                __aeabi_dsub
                0x0000000008000298                __subdf3
                0x000000000800029c                __aeabi_dadd
                0x000000000800029c                __adddf3
                0x0000000008000514                __floatunsidf
                0x0000000008000514                __aeabi_ui2d
                0x0000000008000534                __floatsidf
                0x0000000008000534                __aeabi_i2d
                0x0000000008000558                __aeabi_f2d
                0x0000000008000558                __extendsfdf2
                0x000000000800059c                __floatundidf
                0x000000000800059c                __aeabi_ul2d
                0x00000000080005ac                __floatdidf
                0x00000000080005ac                __aeabi_l2d
 .text          0x0000000008000608       0x50 c:/st/stm32cubeide_1.0.1/stm32cubeide/plugins/com.st.stm32cube.ide.mcu.externaltools.gnu-tools-for-stm32.7-2018-q2-update.win32_1.0.0.201904181610/tools/bin/../lib/gcc/arm-none-eabi/7.3.1/thumb/v7e-m/fpv4-sp/hard\libgcc.a(_arm_fixdfsi.o)
                0x0000000008000608                __aeabi_d2iz
                0x0000000008000608                __fixdfsi
 .text          0x0000000008000658       0x30 c:/st/stm32cubeide_1.0.1/stm32cubeide/plugins/com.st.stm32cube.ide.mcu.externaltools.gnu-tools-for-stm32.7-2018-q2-update.win32_1.0.0.201904181610/tools/bin/../lib/gcc/arm-none-eabi/7.3.1/thumb/v7e-m/fpv4-sp/hard\libgcc.a(_aeabi_uldivmod.o)
                0x0000000008000658                __aeabi_uldivmod
 .text          0x0000000008000688      0x2cc c:/st/stm32cubeide_1.0.1/stm32cubeide/plugins/com.st.stm32cube.ide.mcu.externaltools.gnu-tools-for-stm32.7-2018-q2-update.win32_1.0.0.201904181610/tools/bin/../lib/gcc/arm-none-eabi/7.3.1/thumb/v7e-m/fpv4-sp/hard\libgcc.a(_udivmoddi4.o)
                0x0000000008000688                __udivmoddi4
 .text          0x0000000008000954        0x4 c:/st/stm32cubeide_1.0.1/stm32cubeide/plugins/com.st.stm32cube.ide.mcu.externaltools.gnu-tools-for-stm32.7-2018-q2-update.win32_1.0.0.201904181610/tools/bin/../lib/gcc/arm-none-eabi/7.3.1/thumb/v7e-m/fpv4-sp/hard\libgcc.a(_dvmd_tls.o)
                0x0000000008000954                __aeabi_idiv0
                0x0000000008000954                __aeabi_ldiv0
 *(.text*)
 .text.HAL_Init
                0x0000000008000958       0x44 Drivers/STM32F4xx_HAL_Driver/Src/stm32f4xx_hal.o
                0x0000000008000958                HAL_Init
 .text.HAL_IncTick
                0x000000000800099c       0x28 Drivers/STM32F4xx_HAL_Driver/Src/stm32f4xx_hal.o
                0x000000000800099c                HAL_IncTick
 .text.HAL_GetTick
                0x00000000080009c4       0x18 Drivers/STM32F4xx_HAL_Driver/Src/stm32f4xx_hal.o
                0x00000000080009c4                HAL_GetTick
 .text.HAL_Delay
                0x00000000080009dc       0x44 Drivers/STM32F4xx_HAL_Driver/Src/stm32f4xx_hal.o
                0x00000000080009dc                HAL_Delay
 .text.HAL_GetHalVersion
                0x0000000008000a20       0x14 Drivers/STM32F4xx_HAL_Driver/Src/stm32f4xx_hal.o
                0x0000000008000a20                HAL_GetHalVersion
 .text.__NVIC_SetPriorityGrouping
                0x0000000008000a34       0x48 Drivers/STM32F4xx_HAL_Driver/Src/stm32f4xx_hal_cortex.o
 .text.__NVIC_GetPriorityGrouping
                0x0000000008000a7c       0x1c Drivers/STM32F4xx_HAL_Driver/Src/stm32f4xx_hal_cortex.o
 .text.__NVIC_EnableIRQ
                0x0000000008000a98       0x3c Drivers/STM32F4xx_HAL_Driver/Src/stm32f4xx_hal_cortex.o
 .text.__NVIC_SetPriority
                0x0000000008000ad4       0x54 Drivers/STM32F4xx_HAL_Driver/Src/stm32f4xx_hal_cortex.o
 .text.NVIC_EncodePriority
                0x0000000008000b28       0x66 Drivers/STM32F4xx_HAL_Driver/Src/stm32f4xx_hal_cortex.o
 .text.HAL_NVIC_SetPriorityGrouping
                0x0000000008000b8e       0x16 Drivers/STM32F4xx_HAL_Driver/Src/stm32f4xx_hal_cortex.o
                0x0000000008000b8e                HAL_NVIC_SetPriorityGrouping
 .text.HAL_NVIC_SetPriority
                0x0000000008000ba4       0x38 Drivers/STM32F4xx_HAL_Driver/Src/stm32f4xx_hal_cortex.o
                0x0000000008000ba4                HAL_NVIC_SetPriority
 .text.HAL_NVIC_EnableIRQ
                0x0000000008000bdc       0x1c Drivers/STM32F4xx_HAL_Driver/Src/stm32f4xx_hal_cortex.o
                0x0000000008000bdc                HAL_NVIC_EnableIRQ
 .text.HAL_DMA_Abort_IT
                0x0000000008000bf8       0x44 Drivers/STM32F4xx_HAL_Driver/Src/stm32f4xx_hal_dma.o
                0x0000000008000bf8                HAL_DMA_Abort_IT
 .text.HAL_DMA_GetState
                0x0000000008000c3c       0x1c Drivers/STM32F4xx_HAL_Driver/Src/stm32f4xx_hal_dma.o
                0x0000000008000c3c                HAL_DMA_GetState
 .text.HAL_GPIO_Init
                0x0000000008000c58      0x304 Drivers/STM32F4xx_HAL_Driver/Src/stm32f4xx_hal_gpio.o
                0x0000000008000c58                HAL_GPIO_Init
 .text.HAL_GPIO_WritePin
                0x0000000008000f5c       0x32 Drivers/STM32F4xx_HAL_Driver/Src/stm32f4xx_hal_gpio.o
                0x0000000008000f5c                HAL_GPIO_WritePin
 *fill*         0x0000000008000f8e        0x2 
 .text.HAL_I2C_Init
                0x0000000008000f90      0x250 Drivers/STM32F4xx_HAL_Driver/Src/stm32f4xx_hal_i2c.o
                0x0000000008000f90                HAL_I2C_Init
 .text.HAL_I2C_Master_Transmit
                0x00000000080011e0      0x1fc Drivers/STM32F4xx_HAL_Driver/Src/stm32f4xx_hal_i2c.o
                0x00000000080011e0                HAL_I2C_Master_Transmit
 .text.HAL_I2C_Master_Receive
                0x00000000080013dc      0x44c Drivers/STM32F4xx_HAL_Driver/Src/stm32f4xx_hal_i2c.o
                0x00000000080013dc                HAL_I2C_Master_Receive
 .text.HAL_I2C_EV_IRQHandler
                0x0000000008001828      0x2cc Drivers/STM32F4xx_HAL_Driver/Src/stm32f4xx_hal_i2c.o
                0x0000000008001828                HAL_I2C_EV_IRQHandler
 .text.HAL_I2C_ER_IRQHandler
                0x0000000008001af4      0x14a Drivers/STM32F4xx_HAL_Driver/Src/stm32f4xx_hal_i2c.o
                0x0000000008001af4                HAL_I2C_ER_IRQHandler
 .text.HAL_I2C_MasterTxCpltCallback
                0x0000000008001c3e       0x14 Drivers/STM32F4xx_HAL_Driver/Src/stm32f4xx_hal_i2c.o
                0x0000000008001c3e                HAL_I2C_MasterTxCpltCallback
 .text.HAL_I2C_MasterRxCpltCallback
                0x0000000008001c52       0x14 Drivers/STM32F4xx_HAL_Driver/Src/stm32f4xx_hal_i2c.o
                0x0000000008001c52                HAL_I2C_MasterRxCpltCallback
 .text.HAL_I2C_SlaveTxCpltCallback
                0x0000000008001c66       0x14 Drivers/STM32F4xx_HAL_Driver/Src/stm32f4xx_hal_i2c.o
                0x0000000008001c66                HAL_I2C_SlaveTxCpltCallback
 .text.HAL_I2C_SlaveRxCpltCallback
                0x0000000008001c7a       0x14 Drivers/STM32F4xx_HAL_Driver/Src/stm32f4xx_hal_i2c.o
                0x0000000008001c7a                HAL_I2C_SlaveRxCpltCallback
 .text.HAL_I2C_AddrCallback
                0x0000000008001c8e       0x1c Drivers/STM32F4xx_HAL_Driver/Src/stm32f4xx_hal_i2c.o
                0x0000000008001c8e                HAL_I2C_AddrCallback
 .text.HAL_I2C_ListenCpltCallback
                0x0000000008001caa       0x14 Drivers/STM32F4xx_HAL_Driver/Src/stm32f4xx_hal_i2c.o
                0x0000000008001caa                HAL_I2C_ListenCpltCallback
 .text.HAL_I2C_MemTxCpltCallback
                0x0000000008001cbe       0x14 Drivers/STM32F4xx_HAL_Driver/Src/stm32f4xx_hal_i2c.o
                0x0000000008001cbe                HAL_I2C_MemTxCpltCallback
 .text.HAL_I2C_MemRxCpltCallback
                0x0000000008001cd2       0x14 Drivers/STM32F4xx_HAL_Driver/Src/stm32f4xx_hal_i2c.o
                0x0000000008001cd2                HAL_I2C_MemRxCpltCallback
 .text.HAL_I2C_ErrorCallback
                0x0000000008001ce6       0x14 Drivers/STM32F4xx_HAL_Driver/Src/stm32f4xx_hal_i2c.o
                0x0000000008001ce6                HAL_I2C_ErrorCallback
 .text.HAL_I2C_AbortCpltCallback
                0x0000000008001cfa       0x14 Drivers/STM32F4xx_HAL_Driver/Src/stm32f4xx_hal_i2c.o
                0x0000000008001cfa                HAL_I2C_AbortCpltCallback
 .text.I2C_MasterTransmit_TXE
                0x0000000008001d0e      0x1f0 Drivers/STM32F4xx_HAL_Driver/Src/stm32f4xx_hal_i2c.o
 .text.I2C_MasterTransmit_BTF
                0x0000000008001efe       0xec Drivers/STM32F4xx_HAL_Driver/Src/stm32f4xx_hal_i2c.o
 .text.I2C_MasterReceive_RXNE
                0x0000000008001fea      0x104 Drivers/STM32F4xx_HAL_Driver/Src/stm32f4xx_hal_i2c.o
 .text.I2C_MasterReceive_BTF
                0x00000000080020ee      0x1d4 Drivers/STM32F4xx_HAL_Driver/Src/stm32f4xx_hal_i2c.o
 .text.I2C_Master_SB
                0x00000000080022c2      0x10c Drivers/STM32F4xx_HAL_Driver/Src/stm32f4xx_hal_i2c.o
 .text.I2C_Master_ADD10
                0x00000000080023ce       0x54 Drivers/STM32F4xx_HAL_Driver/Src/stm32f4xx_hal_i2c.o
 .text.I2C_Master_ADDR
                0x0000000008002422      0x322 Drivers/STM32F4xx_HAL_Driver/Src/stm32f4xx_hal_i2c.o
 .text.I2C_SlaveTransmit_TXE
                0x0000000008002744       0x7a Drivers/STM32F4xx_HAL_Driver/Src/stm32f4xx_hal_i2c.o
 .text.I2C_SlaveTransmit_BTF
                0x00000000080027be       0x42 Drivers/STM32F4xx_HAL_Driver/Src/stm32f4xx_hal_i2c.o
 .text.I2C_SlaveReceive_RXNE
                0x0000000008002800       0x7c Drivers/STM32F4xx_HAL_Driver/Src/stm32f4xx_hal_i2c.o
 .text.I2C_SlaveReceive_BTF
                0x000000000800287c       0x44 Drivers/STM32F4xx_HAL_Driver/Src/stm32f4xx_hal_i2c.o
 .text.I2C_Slave_ADDR
                0x00000000080028c0       0x88 Drivers/STM32F4xx_HAL_Driver/Src/stm32f4xx_hal_i2c.o
 .text.I2C_Slave_STOPF
                0x0000000008002948      0x260 Drivers/STM32F4xx_HAL_Driver/Src/stm32f4xx_hal_i2c.o
 .text.I2C_Slave_AF
                0x0000000008002ba8       0xe0 Drivers/STM32F4xx_HAL_Driver/Src/stm32f4xx_hal_i2c.o
 .text.I2C_ITError
                0x0000000008002c88      0x230 Drivers/STM32F4xx_HAL_Driver/Src/stm32f4xx_hal_i2c.o
 .text.I2C_MasterRequestWrite
                0x0000000008002eb8       0xec Drivers/STM32F4xx_HAL_Driver/Src/stm32f4xx_hal_i2c.o
 .text.I2C_MasterRequestRead
                0x0000000008002fa4      0x16c Drivers/STM32F4xx_HAL_Driver/Src/stm32f4xx_hal_i2c.o
 .text.I2C_DMAAbort
                0x0000000008003110       0xde Drivers/STM32F4xx_HAL_Driver/Src/stm32f4xx_hal_i2c.o
 .text.I2C_WaitOnFlagUntilTimeout
                0x00000000080031ee       0xae Drivers/STM32F4xx_HAL_Driver/Src/stm32f4xx_hal_i2c.o
 .text.I2C_WaitOnMasterAddressFlagUntilTimeout
                0x000000000800329c       0xfe Drivers/STM32F4xx_HAL_Driver/Src/stm32f4xx_hal_i2c.o
 .text.I2C_WaitOnTXEFlagUntilTimeout
                0x000000000800339a       0x82 Drivers/STM32F4xx_HAL_Driver/Src/stm32f4xx_hal_i2c.o
 .text.I2C_WaitOnBTFFlagUntilTimeout
                0x000000000800341c       0x82 Drivers/STM32F4xx_HAL_Driver/Src/stm32f4xx_hal_i2c.o
 .text.I2C_WaitOnRXNEFlagUntilTimeout
                0x000000000800349e       0xac Drivers/STM32F4xx_HAL_Driver/Src/stm32f4xx_hal_i2c.o
 .text.I2C_IsAcknowledgeFailed
                0x000000000800354a       0x5e Drivers/STM32F4xx_HAL_Driver/Src/stm32f4xx_hal_i2c.o
 .text.I2C_ConvertOtherXferOptions
                0x00000000080035a8       0x36 Drivers/STM32F4xx_HAL_Driver/Src/stm32f4xx_hal_i2c.o
 *fill*         0x00000000080035de        0x2 
 .text.HAL_RCC_OscConfig
                0x00000000080035e0      0x484 Drivers/STM32F4xx_HAL_Driver/Src/stm32f4xx_hal_rcc.o
                0x00000000080035e0                HAL_RCC_OscConfig
 .text.HAL_RCC_ClockConfig
                0x0000000008003a64      0x1c4 Drivers/STM32F4xx_HAL_Driver/Src/stm32f4xx_hal_rcc.o
                0x0000000008003a64                HAL_RCC_ClockConfig
 .text.HAL_RCC_GetSysClockFreq
                0x0000000008003c28      0x164 Drivers/STM32F4xx_HAL_Driver/Src/stm32f4xx_hal_rcc.o
                0x0000000008003c28                HAL_RCC_GetSysClockFreq
 .text.HAL_RCC_GetHCLKFreq
                0x0000000008003d8c       0x18 Drivers/STM32F4xx_HAL_Driver/Src/stm32f4xx_hal_rcc.o
                0x0000000008003d8c                HAL_RCC_GetHCLKFreq
 .text.HAL_RCC_GetPCLK1Freq
                0x0000000008003da4       0x28 Drivers/STM32F4xx_HAL_Driver/Src/stm32f4xx_hal_rcc.o
                0x0000000008003da4                HAL_RCC_GetPCLK1Freq
 .text.HAL_RCC_GetPCLK2Freq
                0x0000000008003dcc       0x28 Drivers/STM32F4xx_HAL_Driver/Src/stm32f4xx_hal_rcc.o
                0x0000000008003dcc                HAL_RCC_GetPCLK2Freq
 .text.HAL_RCC_GetClockConfig
                0x0000000008003df4       0x64 Drivers/STM32F4xx_HAL_Driver/Src/stm32f4xx_hal_rcc.o
                0x0000000008003df4                HAL_RCC_GetClockConfig
 .text.HAL_SPI_Init
                0x0000000008003e58       0xc8 Drivers/STM32F4xx_HAL_Driver/Src/stm32f4xx_hal_spi.o
                0x0000000008003e58                HAL_SPI_Init
 .text.HAL_SPI_Transmit
                0x0000000008003f20      0x268 Drivers/STM32F4xx_HAL_Driver/Src/stm32f4xx_hal_spi.o
                0x0000000008003f20                HAL_SPI_Transmit
 .text.HAL_SPI_IRQHandler
                0x0000000008004188      0x200 Drivers/STM32F4xx_HAL_Driver/Src/stm32f4xx_hal_spi.o
                0x0000000008004188                HAL_SPI_IRQHandler
 .text.HAL_SPI_ErrorCallback
                0x0000000008004388       0x14 Drivers/STM32F4xx_HAL_Driver/Src/stm32f4xx_hal_spi.o
                0x0000000008004388                HAL_SPI_ErrorCallback
 .text.SPI_DMAAbortOnError
                0x000000000800439c       0x28 Drivers/STM32F4xx_HAL_Driver/Src/stm32f4xx_hal_spi.o
 .text.SPI_WaitFlagStateUntilTimeout
                0x00000000080043c4       0xd4 Drivers/STM32F4xx_HAL_Driver/Src/stm32f4xx_hal_spi.o
 .text.SPI_EndRxTxTransaction
                0x0000000008004498       0x84 Drivers/STM32F4xx_HAL_Driver/Src/stm32f4xx_hal_spi.o
 .text.HAL_TIM_Base_Init
                0x000000000800451c       0x56 Drivers/STM32F4xx_HAL_Driver/Src/stm32f4xx_hal_tim.o
                0x000000000800451c                HAL_TIM_Base_Init
 .text.HAL_TIM_Base_Start_IT
                0x0000000008004572       0x48 Drivers/STM32F4xx_HAL_Driver/Src/stm32f4xx_hal_tim.o
                0x0000000008004572                HAL_TIM_Base_Start_IT
 .text.HAL_TIM_PWM_Init
                0x00000000080045ba       0x56 Drivers/STM32F4xx_HAL_Driver/Src/stm32f4xx_hal_tim.o
                0x00000000080045ba                HAL_TIM_PWM_Init
 .text.HAL_TIM_PWM_Start
                0x0000000008004610       0x64 Drivers/STM32F4xx_HAL_Driver/Src/stm32f4xx_hal_tim.o
                0x0000000008004610                HAL_TIM_PWM_Start
 .text.HAL_TIM_IRQHandler
                0x0000000008004674      0x210 Drivers/STM32F4xx_HAL_Driver/Src/stm32f4xx_hal_tim.o
                0x0000000008004674                HAL_TIM_IRQHandler
 .text.HAL_TIM_PWM_ConfigChannel
                0x0000000008004884      0x18c Drivers/STM32F4xx_HAL_Driver/Src/stm32f4xx_hal_tim.o
                0x0000000008004884                HAL_TIM_PWM_ConfigChannel
 .text.HAL_TIM_ConfigClockSource
                0x0000000008004a10      0x16e Drivers/STM32F4xx_HAL_Driver/Src/stm32f4xx_hal_tim.o
                0x0000000008004a10                HAL_TIM_ConfigClockSource
 .text.HAL_TIM_OC_DelayElapsedCallback
                0x0000000008004b7e       0x14 Drivers/STM32F4xx_HAL_Driver/Src/stm32f4xx_hal_tim.o
                0x0000000008004b7e                HAL_TIM_OC_DelayElapsedCallback
 .text.HAL_TIM_IC_CaptureCallback
                0x0000000008004b92       0x14 Drivers/STM32F4xx_HAL_Driver/Src/stm32f4xx_hal_tim.o
                0x0000000008004b92                HAL_TIM_IC_CaptureCallback
 .text.HAL_TIM_PWM_PulseFinishedCallback
                0x0000000008004ba6       0x14 Drivers/STM32F4xx_HAL_Driver/Src/stm32f4xx_hal_tim.o
                0x0000000008004ba6                HAL_TIM_PWM_PulseFinishedCallback
 .text.HAL_TIM_TriggerCallback
                0x0000000008004bba       0x14 Drivers/STM32F4xx_HAL_Driver/Src/stm32f4xx_hal_tim.o
                0x0000000008004bba                HAL_TIM_TriggerCallback
 *fill*         0x0000000008004bce        0x2 
 .text.TIM_Base_SetConfig
                0x0000000008004bd0      0x100 Drivers/STM32F4xx_HAL_Driver/Src/stm32f4xx_hal_tim.o
                0x0000000008004bd0                TIM_Base_SetConfig
 .text.TIM_OC1_SetConfig
                0x0000000008004cd0       0xcc Drivers/STM32F4xx_HAL_Driver/Src/stm32f4xx_hal_tim.o
 .text.TIM_OC2_SetConfig
                0x0000000008004d9c       0xd8 Drivers/STM32F4xx_HAL_Driver/Src/stm32f4xx_hal_tim.o
                0x0000000008004d9c                TIM_OC2_SetConfig
 .text.TIM_OC3_SetConfig
                0x0000000008004e74       0xd4 Drivers/STM32F4xx_HAL_Driver/Src/stm32f4xx_hal_tim.o
 .text.TIM_OC4_SetConfig
                0x0000000008004f48       0xa0 Drivers/STM32F4xx_HAL_Driver/Src/stm32f4xx_hal_tim.o
 .text.TIM_TI1_ConfigInputStage
                0x0000000008004fe8       0x5e Drivers/STM32F4xx_HAL_Driver/Src/stm32f4xx_hal_tim.o
 .text.TIM_TI2_ConfigInputStage
                0x0000000008005046       0x60 Drivers/STM32F4xx_HAL_Driver/Src/stm32f4xx_hal_tim.o
 .text.TIM_ITRx_SetConfig
                0x00000000080050a6       0x36 Drivers/STM32F4xx_HAL_Driver/Src/stm32f4xx_hal_tim.o
 .text.TIM_ETR_SetConfig
                0x00000000080050dc       0x40 Drivers/STM32F4xx_HAL_Driver/Src/stm32f4xx_hal_tim.o
                0x00000000080050dc                TIM_ETR_SetConfig
 .text.TIM_CCxChannelCmd
                0x000000000800511c       0x4a Drivers/STM32F4xx_HAL_Driver/Src/stm32f4xx_hal_tim.o
                0x000000000800511c                TIM_CCxChannelCmd
 .text.HAL_TIMEx_MasterConfigSynchronization
                0x0000000008005166       0x8a Drivers/STM32F4xx_HAL_Driver/Src/stm32f4xx_hal_tim_ex.o
                0x0000000008005166                HAL_TIMEx_MasterConfigSynchronization
 .text.HAL_TIMEx_ConfigBreakDeadTime
                0x00000000080051f0       0xa4 Drivers/STM32F4xx_HAL_Driver/Src/stm32f4xx_hal_tim_ex.o
                0x00000000080051f0                HAL_TIMEx_ConfigBreakDeadTime
 .text.HAL_TIMEx_CommutCallback
                0x0000000008005294       0x14 Drivers/STM32F4xx_HAL_Driver/Src/stm32f4xx_hal_tim_ex.o
                0x0000000008005294                HAL_TIMEx_CommutCallback
 .text.HAL_TIMEx_BreakCallback
                0x00000000080052a8       0x14 Drivers/STM32F4xx_HAL_Driver/Src/stm32f4xx_hal_tim_ex.o
                0x00000000080052a8                HAL_TIMEx_BreakCallback
 .text.HAL_UART_Init
                0x00000000080052bc       0x9a Drivers/STM32F4xx_HAL_Driver/Src/stm32f4xx_hal_uart.o
                0x00000000080052bc                HAL_UART_Init
 .text.HAL_UART_Transmit
                0x0000000008005356      0x132 Drivers/STM32F4xx_HAL_Driver/Src/stm32f4xx_hal_uart.o
                0x0000000008005356                HAL_UART_Transmit
 .text.HAL_UART_Receive_IT
                0x0000000008005488       0xaa Drivers/STM32F4xx_HAL_Driver/Src/stm32f4xx_hal_uart.o
                0x0000000008005488                HAL_UART_Receive_IT
 *fill*         0x0000000008005532        0x2 
 .text.HAL_UART_IRQHandler
                0x0000000008005534      0x1f8 Drivers/STM32F4xx_HAL_Driver/Src/stm32f4xx_hal_uart.o
                0x0000000008005534                HAL_UART_IRQHandler
 .text.HAL_UART_TxCpltCallback
                0x000000000800572c       0x14 Drivers/STM32F4xx_HAL_Driver/Src/stm32f4xx_hal_uart.o
                0x000000000800572c                HAL_UART_TxCpltCallback
 .text.HAL_UART_ErrorCallback
                0x0000000008005740       0x14 Drivers/STM32F4xx_HAL_Driver/Src/stm32f4xx_hal_uart.o
                0x0000000008005740                HAL_UART_ErrorCallback
 .text.UART_WaitOnFlagUntilTimeout
                0x0000000008005754       0x94 Drivers/STM32F4xx_HAL_Driver/Src/stm32f4xx_hal_uart.o
 .text.UART_EndRxTransfer
                0x00000000080057e8       0x3c Drivers/STM32F4xx_HAL_Driver/Src/stm32f4xx_hal_uart.o
 .text.UART_DMAAbortOnError
                0x0000000008005824       0x28 Drivers/STM32F4xx_HAL_Driver/Src/stm32f4xx_hal_uart.o
 .text.UART_Transmit_IT
                0x000000000800584c       0xac Drivers/STM32F4xx_HAL_Driver/Src/stm32f4xx_hal_uart.o
 .text.UART_EndTransmit_IT
                0x00000000080058f8       0x30 Drivers/STM32F4xx_HAL_Driver/Src/stm32f4xx_hal_uart.o
 .text.UART_Receive_IT
                0x0000000008005928      0x102 Drivers/STM32F4xx_HAL_Driver/Src/stm32f4xx_hal_uart.o
 *fill*         0x0000000008005a2a        0x2 
 .text.UART_SetConfig
                0x0000000008005a2c      0x414 Drivers/STM32F4xx_HAL_Driver/Src/stm32f4xx_hal_uart.o
 .text.makeFreeRtosPriority
                0x0000000008005e40       0x30 Middlewares/Third_Party/FreeRTOS/Source/CMSIS_RTOS/cmsis_os.o
 .text.osKernelStart
                0x0000000008005e70        0xe Middlewares/Third_Party/FreeRTOS/Source/CMSIS_RTOS/cmsis_os.o
                0x0000000008005e70                osKernelStart
 .text.osThreadCreate
                0x0000000008005e7e       0x98 Middlewares/Third_Party/FreeRTOS/Source/CMSIS_RTOS/cmsis_os.o
                0x0000000008005e7e                osThreadCreate
 .text.osDelay  0x0000000008005f16       0x28 Middlewares/Third_Party/FreeRTOS/Source/CMSIS_RTOS/cmsis_os.o
                0x0000000008005f16                osDelay
 .text.osMutexCreate
                0x0000000008005f3e       0x30 Middlewares/Third_Party/FreeRTOS/Source/CMSIS_RTOS/cmsis_os.o
                0x0000000008005f3e                osMutexCreate
 .text.vListInitialise
                0x0000000008005f6e       0x40 Middlewares/Third_Party/FreeRTOS/Source/list.o
                0x0000000008005f6e                vListInitialise
 .text.vListInitialiseItem
                0x0000000008005fae       0x1a Middlewares/Third_Party/FreeRTOS/Source/list.o
                0x0000000008005fae                vListInitialiseItem
 .text.vListInsertEnd
                0x0000000008005fc8       0x48 Middlewares/Third_Party/FreeRTOS/Source/list.o
                0x0000000008005fc8                vListInsertEnd
 .text.vListInsert
                0x0000000008006010       0x72 Middlewares/Third_Party/FreeRTOS/Source/list.o
                0x0000000008006010                vListInsert
 .text.uxListRemove
                0x0000000008006082       0x54 Middlewares/Third_Party/FreeRTOS/Source/list.o
                0x0000000008006082                uxListRemove
 *fill*         0x00000000080060d6        0x2 
 .text.xQueueGenericReset
                0x00000000080060d8       0xd0 Middlewares/Third_Party/FreeRTOS/Source/queue.o
                0x00000000080060d8                xQueueGenericReset
 .text.xQueueGenericCreateStatic
                0x00000000080061a8       0xe4 Middlewares/Third_Party/FreeRTOS/Source/queue.o
                0x00000000080061a8                xQueueGenericCreateStatic
 .text.xQueueGenericCreate
                0x000000000800628c       0x7a Middlewares/Third_Party/FreeRTOS/Source/queue.o
                0x000000000800628c                xQueueGenericCreate
 .text.prvInitialiseNewQueue
                0x0000000008006306       0x3e Middlewares/Third_Party/FreeRTOS/Source/queue.o
 .text.prvInitialiseMutex
                0x0000000008006344       0x34 Middlewares/Third_Party/FreeRTOS/Source/queue.o
 .text.xQueueCreateMutex
                0x0000000008006378       0x30 Middlewares/Third_Party/FreeRTOS/Source/queue.o
                0x0000000008006378                xQueueCreateMutex
 .text.xQueueCreateMutexStatic
                0x00000000080063a8       0x36 Middlewares/Third_Party/FreeRTOS/Source/queue.o
                0x00000000080063a8                xQueueCreateMutexStatic
 *fill*         0x00000000080063de        0x2 
 .text.xQueueGenericSend
                0x00000000080063e0      0x1f4 Middlewares/Third_Party/FreeRTOS/Source/queue.o
                0x00000000080063e0                xQueueGenericSend
 .text.prvCopyDataToQueue
                0x00000000080065d4       0xd4 Middlewares/Third_Party/FreeRTOS/Source/queue.o
 .text.prvUnlockQueue
                0x00000000080066a8       0xa4 Middlewares/Third_Party/FreeRTOS/Source/queue.o
 .text.prvIsQueueFull
                0x000000000800674c       0x30 Middlewares/Third_Party/FreeRTOS/Source/queue.o
 .text.xTaskCreateStatic
                0x000000000800677c       0xb2 Middlewares/Third_Party/FreeRTOS/Source/tasks.o
                0x000000000800677c                xTaskCreateStatic
 .text.xTaskCreate
                0x000000000800682e       0x8a Middlewares/Third_Party/FreeRTOS/Source/tasks.o
                0x000000000800682e                xTaskCreate
 .text.prvInitialiseNewTask
                0x00000000080068b8       0xfc Middlewares/Third_Party/FreeRTOS/Source/tasks.o
 .text.prvAddNewTaskToReadyList
                0x00000000080069b4       0xd4 Middlewares/Third_Party/FreeRTOS/Source/tasks.o
 .text.vTaskDelay
                0x0000000008006a88       0x68 Middlewares/Third_Party/FreeRTOS/Source/tasks.o
                0x0000000008006a88                vTaskDelay
 .text.vTaskStartScheduler
                0x0000000008006af0       0xbc Middlewares/Third_Party/FreeRTOS/Source/tasks.o
                0x0000000008006af0                vTaskStartScheduler
 .text.vTaskSuspendAll
                0x0000000008006bac       0x1c Middlewares/Third_Party/FreeRTOS/Source/tasks.o
                0x0000000008006bac                vTaskSuspendAll
 .text.xTaskResumeAll
                0x0000000008006bc8      0x138 Middlewares/Third_Party/FreeRTOS/Source/tasks.o
                0x0000000008006bc8                xTaskResumeAll
 .text.xTaskIncrementTick
                0x0000000008006d00      0x178 Middlewares/Third_Party/FreeRTOS/Source/tasks.o
                0x0000000008006d00                xTaskIncrementTick
 .text.vTaskSwitchContext
                0x0000000008006e78       0xb4 Middlewares/Third_Party/FreeRTOS/Source/tasks.o
                0x0000000008006e78                vTaskSwitchContext
 .text.vTaskPlaceOnEventList
                0x0000000008006f2c       0x48 Middlewares/Third_Party/FreeRTOS/Source/tasks.o
                0x0000000008006f2c                vTaskPlaceOnEventList
 .text.xTaskRemoveFromEventList
                0x0000000008006f74       0xc4 Middlewares/Third_Party/FreeRTOS/Source/tasks.o
                0x0000000008006f74                xTaskRemoveFromEventList
 .text.vTaskInternalSetTimeOutState
                0x0000000008007038       0x2c Middlewares/Third_Party/FreeRTOS/Source/tasks.o
                0x0000000008007038                vTaskInternalSetTimeOutState
 .text.xTaskCheckForTimeOut
                0x0000000008007064       0xc0 Middlewares/Third_Party/FreeRTOS/Source/tasks.o
                0x0000000008007064                xTaskCheckForTimeOut
 .text.vTaskMissedYield
                0x0000000008007124       0x18 Middlewares/Third_Party/FreeRTOS/Source/tasks.o
                0x0000000008007124                vTaskMissedYield
 .text.prvIdleTask
                0x000000000800713c       0x30 Middlewares/Third_Party/FreeRTOS/Source/tasks.o
 .text.prvInitialiseTaskLists
                0x000000000800716c       0x80 Middlewares/Third_Party/FreeRTOS/Source/tasks.o
 .text.prvCheckTasksWaitingTermination
                0x00000000080071ec       0x58 Middlewares/Third_Party/FreeRTOS/Source/tasks.o
 .text.prvDeleteTCB
                0x0000000008007244       0x5c Middlewares/Third_Party/FreeRTOS/Source/tasks.o
 .text.prvResetNextTaskUnblockTime
                0x00000000080072a0       0x4c Middlewares/Third_Party/FreeRTOS/Source/tasks.o
 .text.xTaskGetSchedulerState
                0x00000000080072ec       0x3c Middlewares/Third_Party/FreeRTOS/Source/tasks.o
                0x00000000080072ec                xTaskGetSchedulerState
 .text.xTaskPriorityDisinherit
                0x0000000008007328      0x108 Middlewares/Third_Party/FreeRTOS/Source/tasks.o
                0x0000000008007328                xTaskPriorityDisinherit
 .text.prvAddCurrentTaskToDelayedList
                0x0000000008007430       0xcc Middlewares/Third_Party/FreeRTOS/Source/tasks.o
 .text.pxPortInitialiseStack
                0x00000000080074fc       0x68 Middlewares/Third_Party/FreeRTOS/Source/portable/GCC/ARM_CM4F/port.o
                0x00000000080074fc                pxPortInitialiseStack
 .text.prvTaskExitError
                0x0000000008007564       0x54 Middlewares/Third_Party/FreeRTOS/Source/portable/GCC/ARM_CM4F/port.o
 *fill*         0x00000000080075b8        0x8 
 .text.SVC_Handler
                0x00000000080075c0       0x28 Middlewares/Third_Party/FreeRTOS/Source/portable/GCC/ARM_CM4F/port.o
                0x00000000080075c0                SVC_Handler
 .text.prvPortStartFirstTask
                0x00000000080075e8       0x28 Middlewares/Third_Party/FreeRTOS/Source/portable/GCC/ARM_CM4F/port.o
 .text.xPortStartScheduler
                0x0000000008007610      0x13c Middlewares/Third_Party/FreeRTOS/Source/portable/GCC/ARM_CM4F/port.o
                0x0000000008007610                xPortStartScheduler
 .text.vPortEnterCritical
                0x000000000800774c       0x5c Middlewares/Third_Party/FreeRTOS/Source/portable/GCC/ARM_CM4F/port.o
                0x000000000800774c                vPortEnterCritical
 .text.vPortExitCritical
                0x00000000080077a8       0x50 Middlewares/Third_Party/FreeRTOS/Source/portable/GCC/ARM_CM4F/port.o
                0x00000000080077a8                vPortExitCritical
 *fill*         0x00000000080077f8        0x8 
 .text.PendSV_Handler
                0x0000000008007800       0x68 Middlewares/Third_Party/FreeRTOS/Source/portable/GCC/ARM_CM4F/port.o
                0x0000000008007800                PendSV_Handler
 .text.SysTick_Handler
                0x0000000008007868       0x40 Middlewares/Third_Party/FreeRTOS/Source/portable/GCC/ARM_CM4F/port.o
                0x0000000008007868                SysTick_Handler
 .text.vPortSetupTimerInterrupt
                0x00000000080078a8       0x48 Middlewares/Third_Party/FreeRTOS/Source/portable/GCC/ARM_CM4F/port.o
                0x00000000080078a8                vPortSetupTimerInterrupt
 .text.vPortEnableVFP
                0x00000000080078f0       0x14 Middlewares/Third_Party/FreeRTOS/Source/portable/GCC/ARM_CM4F/port.o
 .text.pvPortMalloc
                0x0000000008007904      0x184 Middlewares/Third_Party/FreeRTOS/Source/portable/MemMang/heap_4.o
                0x0000000008007904                pvPortMalloc
 .text.vPortFree
                0x0000000008007a88       0xb0 Middlewares/Third_Party/FreeRTOS/Source/portable/MemMang/heap_4.o
                0x0000000008007a88                vPortFree
 .text.prvHeapInit
                0x0000000008007b38       0xc4 Middlewares/Third_Party/FreeRTOS/Source/portable/MemMang/heap_4.o
 .text.prvInsertBlockIntoFreeList
                0x0000000008007bfc       0xb4 Middlewares/Third_Party/FreeRTOS/Source/portable/MemMang/heap_4.o
 .text.fan_init
                0x0000000008007cb0      0x148 Src/fan.o
                0x0000000008007cb0                fan_init
 .text.fan_1_stop
                0x0000000008007df8       0x24 Src/fan.o
                0x0000000008007df8                fan_1_stop
 .text.fan_2_stop
                0x0000000008007e1c       0x24 Src/fan.o
                0x0000000008007e1c                fan_2_stop
 .text.fan_12_run
                0x0000000008007e40       0xb4 Src/fan.o
                0x0000000008007e40                fan_12_run
 .text.vApplicationGetIdleTaskMemory
                0x0000000008007ef4       0x34 Src/freertos.o
                0x0000000008007ef4                vApplicationGetIdleTaskMemory
 .text.main     0x0000000008007f28      0x2a8 Src/main.o
                0x0000000008007f28                main
 .text.SystemClock_Config
                0x00000000080081d0       0xd0 Src/main.o
                0x00000000080081d0                SystemClock_Config
 .text.MX_I2C1_Init
                0x00000000080082a0       0x5c Src/main.o
 .text.MX_SPI2_Init
                0x00000000080082fc       0x6c Src/main.o
 .text.MX_TIM1_Init
                0x0000000008008368      0x11c Src/main.o
 .text.MX_TIM2_Init
                0x0000000008008484      0x11c Src/main.o
 .text.MX_TIM3_Init
                0x00000000080085a0       0xc8 Src/main.o
 .text.MX_USART1_UART_Init
                0x0000000008008668       0x54 Src/main.o
 .text.MX_GPIO_Init
                0x00000000080086bc       0xf8 Src/main.o
 .text.StartTask1
                0x00000000080087b4       0x94 Src/main.o
                0x00000000080087b4                StartTask1
 .text.StartTask02
                0x0000000008008848       0x16 Src/main.o
                0x0000000008008848                StartTask02
 *fill*         0x000000000800885e        0x2 
 .text.StartTask03
                0x0000000008008860      0x250 Src/main.o
                0x0000000008008860                StartTask03
 .text.StartTask04
                0x0000000008008ab0       0x34 Src/main.o
                0x0000000008008ab0                StartTask04
 .text.StartTask05
                0x0000000008008ae4       0x14 Src/main.o
                0x0000000008008ae4                StartTask05
 .text.StartTask06
                0x0000000008008af8       0x14 Src/main.o
                0x0000000008008af8                StartTask06
 .text.HAL_UART_RxCpltCallback
                0x0000000008008b0c       0x90 Src/main.o
                0x0000000008008b0c                HAL_UART_RxCpltCallback
 .text.Convertvalue
                0x0000000008008b9c      0x190 Src/main.o
                0x0000000008008b9c                Convertvalue
 .text.FrameUART
                0x0000000008008d2c      0x668 Src/main.o
                0x0000000008008d2c                FrameUART
 .text.CheckUART
                0x0000000008009394      0x848 Src/main.o
                0x0000000008009394                CheckUART
 .text.IAQcolor
                0x0000000008009bdc      0x11c Src/main.o
                0x0000000008009bdc                IAQcolor
 .text.FormInterface
                0x0000000008009cf8      0x348 Src/main.o
                0x0000000008009cf8                FormInterface
 .text.IAQform  0x000000000800a040       0xf8 Src/main.o
                0x000000000800a040                IAQform
 .text.HAL_TIM_PeriodElapsedCallback
                0x000000000800a138       0x68 Src/main.o
                0x000000000800a138                HAL_TIM_PeriodElapsedCallback
 .text.Error_Handler
                0x000000000800a1a0        0xe Src/main.o
                0x000000000800a1a0                Error_Handler
 .text.sensirion_common_generate_crc
                0x000000000800a1ae       0x70 Src/sensirion_common.o
                0x000000000800a1ae                sensirion_common_generate_crc
 .text.sensirion_common_check_crc
                0x000000000800a21e       0x34 Src/sensirion_common.o
                0x000000000800a21e                sensirion_common_check_crc
 .text.sensirion_fill_cmd_send_buf
                0x000000000800a252       0xba Src/sensirion_common.o
                0x000000000800a252                sensirion_fill_cmd_send_buf
 .text.sensirion_i2c_read_words_as_bytes
                0x000000000800a30c       0xdc Src/sensirion_common.o
                0x000000000800a30c                sensirion_i2c_read_words_as_bytes
 .text.sensirion_i2c_read_words
                0x000000000800a3e8       0x7c Src/sensirion_common.o
                0x000000000800a3e8                sensirion_i2c_read_words
 .text.sensirion_i2c_write_cmd
                0x000000000800a464       0x38 Src/sensirion_common.o
                0x000000000800a464                sensirion_i2c_write_cmd
 .text.sensirion_i2c_write_cmd_with_args
                0x000000000800a49c       0x44 Src/sensirion_common.o
                0x000000000800a49c                sensirion_i2c_write_cmd_with_args
 .text.sensirion_i2c_delayed_read_cmd
                0x000000000800a4e0       0x62 Src/sensirion_common.o
                0x000000000800a4e0                sensirion_i2c_delayed_read_cmd
 .text.sensirion_i2c_read_cmd
                0x000000000800a542       0x30 Src/sensirion_common.o
                0x000000000800a542                sensirion_i2c_read_cmd
 *fill*         0x000000000800a572        0x2 
 .text.sensirion_i2c_init
                0x000000000800a574       0x78 Src/sensirion_hw_i2c_implementation.o
                0x000000000800a574                sensirion_i2c_init
 .text.sensirion_i2c_read
                0x000000000800a5ec       0x38 Src/sensirion_hw_i2c_implementation.o
                0x000000000800a5ec                sensirion_i2c_read
 .text.sensirion_i2c_write
                0x000000000800a624       0x38 Src/sensirion_hw_i2c_implementation.o
                0x000000000800a624                sensirion_i2c_write
 .text.sensirion_sleep_usec
                0x000000000800a65c       0x5c Src/sensirion_hw_i2c_implementation.o
                0x000000000800a65c                sensirion_sleep_usec
 .text.sgp30_measure_iaq
                0x000000000800a6b8       0x16 Src/sgp30.o
                0x000000000800a6b8                sgp30_measure_iaq
 .text.sgp30_read_iaq
                0x000000000800a6ce       0x34 Src/sgp30.o
                0x000000000800a6ce                sgp30_read_iaq
 .text.sgp30_measure_iaq_blocking_read
                0x000000000800a702       0x3a Src/sgp30.o
                0x000000000800a702                sgp30_measure_iaq_blocking_read
 .text.sgp30_set_absolute_humidity
                0x000000000800a73c       0x4e Src/sgp30.o
                0x000000000800a73c                sgp30_set_absolute_humidity
 .text.sgp30_iaq_init
                0x000000000800a78a       0x2a Src/sgp30.o
                0x000000000800a78a                sgp30_iaq_init
 .text.shtc1_measure_blocking_read
                0x000000000800a7b4       0x3a Src/shtc1.o
                0x000000000800a7b4                shtc1_measure_blocking_read
 *fill*         0x000000000800a7ee        0x2 
 .text.shtc1_measure
                0x000000000800a7f0       0x1c Src/shtc1.o
                0x000000000800a7f0                shtc1_measure
 .text.shtc1_read
                0x000000000800a80c       0x52 Src/shtc1.o
                0x000000000800a80c                shtc1_read
 .text.sps30_start_measurement
                0x000000000800a85e       0x30 Src/sps30.o
                0x000000000800a85e                sps30_start_measurement
 .text.sps30_read_measurement
                0x000000000800a88e      0x48e Src/sps30.o
                0x000000000800a88e                sps30_read_measurement
 .text.HAL_MspInit
                0x000000000800ad1c       0x58 Src/stm32f4xx_hal_msp.o
                0x000000000800ad1c                HAL_MspInit
 .text.HAL_I2C_MspInit
                0x000000000800ad74       0xb0 Src/stm32f4xx_hal_msp.o
                0x000000000800ad74                HAL_I2C_MspInit
 .text.HAL_SPI_MspInit
                0x000000000800ae24       0xe0 Src/stm32f4xx_hal_msp.o
                0x000000000800ae24                HAL_SPI_MspInit
 .text.HAL_TIM_PWM_MspInit
                0x000000000800af04       0x7c Src/stm32f4xx_hal_msp.o
                0x000000000800af04                HAL_TIM_PWM_MspInit
 .text.HAL_TIM_Base_MspInit
                0x000000000800af80       0x4c Src/stm32f4xx_hal_msp.o
                0x000000000800af80                HAL_TIM_Base_MspInit
 .text.HAL_TIM_MspPostInit
                0x000000000800afcc      0x108 Src/stm32f4xx_hal_msp.o
                0x000000000800afcc                HAL_TIM_MspPostInit
 .text.HAL_UART_MspInit
                0x000000000800b0d4       0xa0 Src/stm32f4xx_hal_msp.o
                0x000000000800b0d4                HAL_UART_MspInit
 .text.HAL_InitTick
                0x000000000800b174       0xb4 Src/stm32f4xx_hal_timebase_tim.o
                0x000000000800b174                HAL_InitTick
 .text.NMI_Handler
                0x000000000800b228        0xe Src/stm32f4xx_it.o
                0x000000000800b228                NMI_Handler
 .text.HardFault_Handler
                0x000000000800b236        0x6 Src/stm32f4xx_it.o
                0x000000000800b236                HardFault_Handler
 .text.MemManage_Handler
                0x000000000800b23c        0x6 Src/stm32f4xx_it.o
                0x000000000800b23c                MemManage_Handler
 .text.BusFault_Handler
                0x000000000800b242        0x6 Src/stm32f4xx_it.o
                0x000000000800b242                BusFault_Handler
 .text.UsageFault_Handler
                0x000000000800b248        0x6 Src/stm32f4xx_it.o
                0x000000000800b248                UsageFault_Handler
 .text.DebugMon_Handler
                0x000000000800b24e        0xe Src/stm32f4xx_it.o
                0x000000000800b24e                DebugMon_Handler
 .text.TIM2_IRQHandler
                0x000000000800b25c       0x14 Src/stm32f4xx_it.o
                0x000000000800b25c                TIM2_IRQHandler
 .text.TIM3_IRQHandler
                0x000000000800b270       0x14 Src/stm32f4xx_it.o
                0x000000000800b270                TIM3_IRQHandler
 .text.TIM4_IRQHandler
                0x000000000800b284       0x14 Src/stm32f4xx_it.o
                0x000000000800b284                TIM4_IRQHandler
 .text.I2C1_EV_IRQHandler
                0x000000000800b298       0x14 Src/stm32f4xx_it.o
                0x000000000800b298                I2C1_EV_IRQHandler
 .text.I2C1_ER_IRQHandler
                0x000000000800b2ac       0x14 Src/stm32f4xx_it.o
                0x000000000800b2ac                I2C1_ER_IRQHandler
 .text.SPI2_IRQHandler
                0x000000000800b2c0       0x14 Src/stm32f4xx_it.o
                0x000000000800b2c0                SPI2_IRQHandler
 .text.USART1_IRQHandler
                0x000000000800b2d4       0x14 Src/stm32f4xx_it.o
                0x000000000800b2d4                USART1_IRQHandler
 .text.svm_compensate_rht
                0x000000000800b2e8       0x40 Src/svm30.o
 .text.sensirion_calc_absolute_humidity
                0x000000000800b328       0xd0 Src/svm30.o
 .text.svm_set_humidity
                0x000000000800b3f8       0x2e Src/svm30.o
 .text.svm_measure_iaq_blocking_read
                0x000000000800b426       0x6e Src/svm30.o
                0x000000000800b426                svm_measure_iaq_blocking_read
 .text._sbrk    0x000000000800b494       0x58 Src/sysmem.o
                0x000000000800b494                _sbrk
 .text.SystemInit
                0x000000000800b4ec       0x6c Src/system_stm32f4xx.o
                0x000000000800b4ec                SystemInit
 .text.tft_init
                0x000000000800b558      0x278 Src/tft_spi.o
                0x000000000800b558                tft_init
 .text.tft_puts8x16
                0x000000000800b7d0       0x9c Src/tft_spi.o
                0x000000000800b7d0                tft_puts8x16
 .text.tft_puts14x24
                0x000000000800b86c       0x7c Src/tft_spi.o
                0x000000000800b86c                tft_puts14x24
 .text.tft_puts18x32
                0x000000000800b8e8       0x7c Src/tft_spi.o
                0x000000000800b8e8                tft_puts18x32
 .text.tft_puts26x48
                0x000000000800b964       0x7c Src/tft_spi.o
                0x000000000800b964                tft_puts26x48
 .text.draw_arc
                0x000000000800b9e0       0xc8 Src/tft_spi.o
                0x000000000800b9e0                draw_arc
 .text.draw_arc1
                0x000000000800baa8       0xc8 Src/tft_spi.o
                0x000000000800baa8                draw_arc1
 .text.draw_arc2
                0x000000000800bb70       0xc8 Src/tft_spi.o
                0x000000000800bb70                draw_arc2
 .text.draw_arc3
                0x000000000800bc38       0xc8 Src/tft_spi.o
                0x000000000800bc38                draw_arc3
 .text.tft_fill
                0x000000000800bd00       0x8c Src/tft_spi.o
                0x000000000800bd00                tft_fill
 .text.tft_fill2
                0x000000000800bd8c       0x8c Src/tft_spi.o
                0x000000000800bd8c                tft_fill2
 .text.tft_puts_image
                0x000000000800be18       0x8c Src/tft_spi.o
                0x000000000800be18                tft_puts_image
 .text.tft_write_data_8bit
                0x000000000800bea4       0x38 Src/tft_spi.o
                0x000000000800bea4                tft_write_data_8bit
 .text.tft_write_data
                0x000000000800bedc       0x44 Src/tft_spi.o
                0x000000000800bedc                tft_write_data
 .text.tft_write_register
                0x000000000800bf20       0x38 Src/tft_spi.o
                0x000000000800bf20                tft_write_register
 .text.tft_add_set
                0x000000000800bf58       0x5e Src/tft_spi.o
                0x000000000800bf58                tft_add_set
 *fill*         0x000000000800bfb6        0x2 
 .text.tft_draw_point
                0x000000000800bfb8       0x34 Src/tft_spi.o
                0x000000000800bfb8                tft_draw_point
 .text.tft_putchar
                0x000000000800bfec      0x128 Src/tft_spi.o
                0x000000000800bfec                tft_putchar
 .text.tft_putchar26x48
                0x000000000800c114      0x110 Src/tft_spi.o
                0x000000000800c114                tft_putchar26x48
 .text.tft_putchar14x24
                0x000000000800c224      0x100 Src/tft_spi.o
                0x000000000800c224                tft_putchar14x24
 .text.tft_putchar18x32
                0x000000000800c324      0x110 Src/tft_spi.o
                0x000000000800c324                tft_putchar18x32
 .text.Reset_Handler
                0x000000000800c434       0x50 Startup/startup_stm32f411retx.o
                0x000000000800c434                Reset_Handler
 .text.Default_Handler
                0x000000000800c484        0x2 Startup/startup_stm32f411retx.o
                0x000000000800c484                RTC_Alarm_IRQHandler
                0x000000000800c484                EXTI2_IRQHandler
                0x000000000800c484                SPI4_IRQHandler
                0x000000000800c484                TIM1_CC_IRQHandler
                0x000000000800c484                DMA2_Stream5_IRQHandler
                0x000000000800c484                DMA1_Stream5_IRQHandler
                0x000000000800c484                PVD_IRQHandler
                0x000000000800c484                SDIO_IRQHandler
                0x000000000800c484                TAMP_STAMP_IRQHandler
                0x000000000800c484                EXTI3_IRQHandler
                0x000000000800c484                TIM1_UP_TIM10_IRQHandler
                0x000000000800c484                I2C3_ER_IRQHandler
                0x000000000800c484                EXTI0_IRQHandler
                0x000000000800c484                I2C2_EV_IRQHandler
                0x000000000800c484                DMA1_Stream2_IRQHandler
                0x000000000800c484                FPU_IRQHandler
                0x000000000800c484                DMA2_Stream2_IRQHandler
                0x000000000800c484                SPI1_IRQHandler
                0x000000000800c484                TIM1_BRK_TIM9_IRQHandler
                0x000000000800c484                DMA2_Stream3_IRQHandler
                0x000000000800c484                USART6_IRQHandler
                0x000000000800c484                DMA2_Stream0_IRQHandler
                0x000000000800c484                DMA1_Stream6_IRQHandler
                0x000000000800c484                DMA1_Stream1_IRQHandler
                0x000000000800c484                RCC_IRQHandler
                0x000000000800c484                Default_Handler
                0x000000000800c484                EXTI15_10_IRQHandler
                0x000000000800c484                ADC_IRQHandler
                0x000000000800c484                DMA1_Stream7_IRQHandler
                0x000000000800c484                SPI5_IRQHandler
                0x000000000800c484                TIM5_IRQHandler
                0x000000000800c484                DMA2_Stream7_IRQHandler
                0x000000000800c484                I2C3_EV_IRQHandler
                0x000000000800c484                EXTI9_5_IRQHandler
                0x000000000800c484                RTC_WKUP_IRQHandler
                0x000000000800c484                DMA1_Stream0_IRQHandler
                0x000000000800c484                EXTI4_IRQHandler
                0x000000000800c484                WWDG_IRQHandler
                0x000000000800c484                OTG_FS_WKUP_IRQHandler
                0x000000000800c484                TIM1_TRG_COM_TIM11_IRQHandler
                0x000000000800c484                EXTI1_IRQHandler
                0x000000000800c484                USART2_IRQHandler
                0x000000000800c484                I2C2_ER_IRQHandler
                0x000000000800c484                DMA2_Stream1_IRQHandler
                0x000000000800c484                FLASH_IRQHandler
                0x000000000800c484                DMA2_Stream4_IRQHandler
                0x000000000800c484                OTG_FS_IRQHandler
                0x000000000800c484                SPI3_IRQHandler
                0x000000000800c484                DMA1_Stream4_IRQHandler
                0x000000000800c484                DMA2_Stream6_IRQHandler
                0x000000000800c484                DMA1_Stream3_IRQHandler
 *fill*         0x000000000800c486        0x2 
 .text.__errno  0x000000000800c488        0xc c:/st/stm32cubeide_1.0.1/stm32cubeide/plugins/com.st.stm32cube.ide.mcu.externaltools.gnu-tools-for-stm32.7-2018-q2-update.win32_1.0.0.201904181610/tools/bin/../lib/gcc/arm-none-eabi/7.3.1/../../../../arm-none-eabi/lib/thumb/v7e-m/fpv4-sp/hard\libc_nano.a(lib_a-errno.o)
                0x000000000800c488                __errno
 .text.__libc_init_array
                0x000000000800c494       0x48 c:/st/stm32cubeide_1.0.1/stm32cubeide/plugins/com.st.stm32cube.ide.mcu.externaltools.gnu-tools-for-stm32.7-2018-q2-update.win32_1.0.0.201904181610/tools/bin/../lib/gcc/arm-none-eabi/7.3.1/../../../../arm-none-eabi/lib/thumb/v7e-m/fpv4-sp/hard\libc_nano.a(lib_a-init.o)
                0x000000000800c494                __libc_init_array
 .text.__itoa   0x000000000800c4dc       0x30 c:/st/stm32cubeide_1.0.1/stm32cubeide/plugins/com.st.stm32cube.ide.mcu.externaltools.gnu-tools-for-stm32.7-2018-q2-update.win32_1.0.0.201904181610/tools/bin/../lib/gcc/arm-none-eabi/7.3.1/../../../../arm-none-eabi/lib/thumb/v7e-m/fpv4-sp/hard\libc_nano.a(lib_a-itoa.o)
                0x000000000800c4dc                __itoa
 .text.itoa     0x000000000800c50c        0x4 c:/st/stm32cubeide_1.0.1/stm32cubeide/plugins/com.st.stm32cube.ide.mcu.externaltools.gnu-tools-for-stm32.7-2018-q2-update.win32_1.0.0.201904181610/tools/bin/../lib/gcc/arm-none-eabi/7.3.1/../../../../arm-none-eabi/lib/thumb/v7e-m/fpv4-sp/hard\libc_nano.a(lib_a-itoa.o)
                0x000000000800c50c                itoa
 .text.memcpy   0x000000000800c510       0x16 c:/st/stm32cubeide_1.0.1/stm32cubeide/plugins/com.st.stm32cube.ide.mcu.externaltools.gnu-tools-for-stm32.7-2018-q2-update.win32_1.0.0.201904181610/tools/bin/../lib/gcc/arm-none-eabi/7.3.1/../../../../arm-none-eabi/lib/thumb/v7e-m/fpv4-sp/hard\libc_nano.a(lib_a-memcpy-stub.o)
                0x000000000800c510                memcpy
 .text.memset   0x000000000800c526       0x10 c:/st/stm32cubeide_1.0.1/stm32cubeide/plugins/com.st.stm32cube.ide.mcu.externaltools.gnu-tools-for-stm32.7-2018-q2-update.win32_1.0.0.201904181610/tools/bin/../lib/gcc/arm-none-eabi/7.3.1/../../../../arm-none-eabi/lib/thumb/v7e-m/fpv4-sp/hard\libc_nano.a(lib_a-memset.o)
                0x000000000800c526                memset
 *fill*         0x000000000800c536        0x2 
 .text.sprintf  0x000000000800c538       0x40 c:/st/stm32cubeide_1.0.1/stm32cubeide/plugins/com.st.stm32cube.ide.mcu.externaltools.gnu-tools-for-stm32.7-2018-q2-update.win32_1.0.0.201904181610/tools/bin/../lib/gcc/arm-none-eabi/7.3.1/../../../../arm-none-eabi/lib/thumb/v7e-m/fpv4-sp/hard\libc_nano.a(lib_a-sprintf.o)
                0x000000000800c538                siprintf
                0x000000000800c538                sprintf
 .text.strcat   0x000000000800c578       0x1e c:/st/stm32cubeide_1.0.1/stm32cubeide/plugins/com.st.stm32cube.ide.mcu.externaltools.gnu-tools-for-stm32.7-2018-q2-update.win32_1.0.0.201904181610/tools/bin/../lib/gcc/arm-none-eabi/7.3.1/../../../../arm-none-eabi/lib/thumb/v7e-m/fpv4-sp/hard\libc_nano.a(lib_a-strcat.o)
                0x000000000800c578                strcat
 *fill*         0x000000000800c596        0x2 
 .text.__utoa   0x000000000800c598       0x7c c:/st/stm32cubeide_1.0.1/stm32cubeide/plugins/com.st.stm32cube.ide.mcu.externaltools.gnu-tools-for-stm32.7-2018-q2-update.win32_1.0.0.201904181610/tools/bin/../lib/gcc/arm-none-eabi/7.3.1/../../../../arm-none-eabi/lib/thumb/v7e-m/fpv4-sp/hard\libc_nano.a(lib_a-utoa.o)
                0x000000000800c598                __utoa
 .text.__ssputs_r
                0x000000000800c614       0xb4 c:/st/stm32cubeide_1.0.1/stm32cubeide/plugins/com.st.stm32cube.ide.mcu.externaltools.gnu-tools-for-stm32.7-2018-q2-update.win32_1.0.0.201904181610/tools/bin/../lib/gcc/arm-none-eabi/7.3.1/../../../../arm-none-eabi/lib/thumb/v7e-m/fpv4-sp/hard\libc_nano.a(lib_a-nano-svfprintf.o)
                0x000000000800c614                __ssputs_r
 .text._svfprintf_r
                0x000000000800c6c8      0x1f0 c:/st/stm32cubeide_1.0.1/stm32cubeide/plugins/com.st.stm32cube.ide.mcu.externaltools.gnu-tools-for-stm32.7-2018-q2-update.win32_1.0.0.201904181610/tools/bin/../lib/gcc/arm-none-eabi/7.3.1/../../../../arm-none-eabi/lib/thumb/v7e-m/fpv4-sp/hard\libc_nano.a(lib_a-nano-svfprintf.o)
                0x000000000800c6c8                _svfiprintf_r
                0x000000000800c6c8                _svfprintf_r
 .text._printf_common
                0x000000000800c8b8       0xea c:/st/stm32cubeide_1.0.1/stm32cubeide/plugins/com.st.stm32cube.ide.mcu.externaltools.gnu-tools-for-stm32.7-2018-q2-update.win32_1.0.0.201904181610/tools/bin/../lib/gcc/arm-none-eabi/7.3.1/../../../../arm-none-eabi/lib/thumb/v7e-m/fpv4-sp/hard\libc_nano.a(lib_a-nano-vfprintf_i.o)
                0x000000000800c8b8                _printf_common
 *fill*         0x000000000800c9a2        0x2 
 .text._printf_i
                0x000000000800c9a4      0x224 c:/st/stm32cubeide_1.0.1/stm32cubeide/plugins/com.st.stm32cube.ide.mcu.externaltools.gnu-tools-for-stm32.7-2018-q2-update.win32_1.0.0.201904181610/tools/bin/../lib/gcc/arm-none-eabi/7.3.1/../../../../arm-none-eabi/lib/thumb/v7e-m/fpv4-sp/hard\libc_nano.a(lib_a-nano-vfprintf_i.o)
                0x000000000800c9a4                _printf_i
 .text.memmove  0x000000000800cbc8       0x32 c:/st/stm32cubeide_1.0.1/stm32cubeide/plugins/com.st.stm32cube.ide.mcu.externaltools.gnu-tools-for-stm32.7-2018-q2-update.win32_1.0.0.201904181610/tools/bin/../lib/gcc/arm-none-eabi/7.3.1/../../../../arm-none-eabi/lib/thumb/v7e-m/fpv4-sp/hard\libc_nano.a(lib_a-memmove.o)
                0x000000000800cbc8                memmove
 *fill*         0x000000000800cbfa        0x2 
 .text._free_r  0x000000000800cbfc       0x9c c:/st/stm32cubeide_1.0.1/stm32cubeide/plugins/com.st.stm32cube.ide.mcu.externaltools.gnu-tools-for-stm32.7-2018-q2-update.win32_1.0.0.201904181610/tools/bin/../lib/gcc/arm-none-eabi/7.3.1/../../../../arm-none-eabi/lib/thumb/v7e-m/fpv4-sp/hard\libc_nano.a(lib_a-nano-freer.o)
                0x000000000800cbfc                _free_r
 .text._malloc_r
                0x000000000800cc98       0xb4 c:/st/stm32cubeide_1.0.1/stm32cubeide/plugins/com.st.stm32cube.ide.mcu.externaltools.gnu-tools-for-stm32.7-2018-q2-update.win32_1.0.0.201904181610/tools/bin/../lib/gcc/arm-none-eabi/7.3.1/../../../../arm-none-eabi/lib/thumb/v7e-m/fpv4-sp/hard\libc_nano.a(lib_a-nano-mallocr.o)
                0x000000000800cc98                _malloc_r
 .text._realloc_r
                0x000000000800cd4c       0x4c c:/st/stm32cubeide_1.0.1/stm32cubeide/plugins/com.st.stm32cube.ide.mcu.externaltools.gnu-tools-for-stm32.7-2018-q2-update.win32_1.0.0.201904181610/tools/bin/../lib/gcc/arm-none-eabi/7.3.1/../../../../arm-none-eabi/lib/thumb/v7e-m/fpv4-sp/hard\libc_nano.a(lib_a-nano-reallocr.o)
                0x000000000800cd4c                _realloc_r
 .text._sbrk_r  0x000000000800cd98       0x20 c:/st/stm32cubeide_1.0.1/stm32cubeide/plugins/com.st.stm32cube.ide.mcu.externaltools.gnu-tools-for-stm32.7-2018-q2-update.win32_1.0.0.201904181610/tools/bin/../lib/gcc/arm-none-eabi/7.3.1/../../../../arm-none-eabi/lib/thumb/v7e-m/fpv4-sp/hard\libc_nano.a(lib_a-sbrkr.o)
                0x000000000800cd98                _sbrk_r
 .text.__malloc_lock
                0x000000000800cdb8        0x2 c:/st/stm32cubeide_1.0.1/stm32cubeide/plugins/com.st.stm32cube.ide.mcu.externaltools.gnu-tools-for-stm32.7-2018-q2-update.win32_1.0.0.201904181610/tools/bin/../lib/gcc/arm-none-eabi/7.3.1/../../../../arm-none-eabi/lib/thumb/v7e-m/fpv4-sp/hard\libc_nano.a(lib_a-mlock.o)
                0x000000000800cdb8                __malloc_lock
 .text.__malloc_unlock
                0x000000000800cdba        0x2 c:/st/stm32cubeide_1.0.1/stm32cubeide/plugins/com.st.stm32cube.ide.mcu.externaltools.gnu-tools-for-stm32.7-2018-q2-update.win32_1.0.0.201904181610/tools/bin/../lib/gcc/arm-none-eabi/7.3.1/../../../../arm-none-eabi/lib/thumb/v7e-m/fpv4-sp/hard\libc_nano.a(lib_a-mlock.o)
                0x000000000800cdba                __malloc_unlock
 .text._malloc_usable_size_r
                0x000000000800cdbc       0x10 c:/st/stm32cubeide_1.0.1/stm32cubeide/plugins/com.st.stm32cube.ide.mcu.externaltools.gnu-tools-for-stm32.7-2018-q2-update.win32_1.0.0.201904181610/tools/bin/../lib/gcc/arm-none-eabi/7.3.1/../../../../arm-none-eabi/lib/thumb/v7e-m/fpv4-sp/hard\libc_nano.a(lib_a-nano-msizer.o)
                0x000000000800cdbc                _malloc_usable_size_r
 .text.trunc    0x000000000800cdcc       0x74 c:/st/stm32cubeide_1.0.1/stm32cubeide/plugins/com.st.stm32cube.ide.mcu.externaltools.gnu-tools-for-stm32.7-2018-q2-update.win32_1.0.0.201904181610/tools/bin/../lib/gcc/arm-none-eabi/7.3.1/../../../../arm-none-eabi/lib/thumb/v7e-m/fpv4-sp/hard\libm.a(lib_a-s_trunc.o)
                0x000000000800cdcc                trunc
 *(.glue_7)
 .glue_7        0x000000000800ce40        0x0 linker stubs
 *(.glue_7t)
 .glue_7t       0x000000000800ce40        0x0 linker stubs
 *(.eh_frame)
 .eh_frame      0x000000000800ce40        0x0 c:/st/stm32cubeide_1.0.1/stm32cubeide/plugins/com.st.stm32cube.ide.mcu.externaltools.gnu-tools-for-stm32.7-2018-q2-update.win32_1.0.0.201904181610/tools/bin/../lib/gcc/arm-none-eabi/7.3.1/thumb/v7e-m/fpv4-sp/hard/crtbegin.o
 *(.init)
 .init          0x000000000800ce40        0x4 c:/st/stm32cubeide_1.0.1/stm32cubeide/plugins/com.st.stm32cube.ide.mcu.externaltools.gnu-tools-for-stm32.7-2018-q2-update.win32_1.0.0.201904181610/tools/bin/../lib/gcc/arm-none-eabi/7.3.1/thumb/v7e-m/fpv4-sp/hard/crti.o
                0x000000000800ce40                _init
 .init          0x000000000800ce44        0x8 c:/st/stm32cubeide_1.0.1/stm32cubeide/plugins/com.st.stm32cube.ide.mcu.externaltools.gnu-tools-for-stm32.7-2018-q2-update.win32_1.0.0.201904181610/tools/bin/../lib/gcc/arm-none-eabi/7.3.1/thumb/v7e-m/fpv4-sp/hard/crtn.o
 *(.fini)
 .fini          0x000000000800ce4c        0x4 c:/st/stm32cubeide_1.0.1/stm32cubeide/plugins/com.st.stm32cube.ide.mcu.externaltools.gnu-tools-for-stm32.7-2018-q2-update.win32_1.0.0.201904181610/tools/bin/../lib/gcc/arm-none-eabi/7.3.1/thumb/v7e-m/fpv4-sp/hard/crti.o
                0x000000000800ce4c                _fini
 .fini          0x000000000800ce50        0x8 c:/st/stm32cubeide_1.0.1/stm32cubeide/plugins/com.st.stm32cube.ide.mcu.externaltools.gnu-tools-for-stm32.7-2018-q2-update.win32_1.0.0.201904181610/tools/bin/../lib/gcc/arm-none-eabi/7.3.1/thumb/v7e-m/fpv4-sp/hard/crtn.o
                0x000000000800ce58                . = ALIGN (0x4)
                0x000000000800ce58                _etext = .

.vfp11_veneer   0x000000000800ce58        0x0
 .vfp11_veneer  0x000000000800ce58        0x0 linker stubs

.v4_bx          0x000000000800ce58        0x0
 .v4_bx         0x000000000800ce58        0x0 linker stubs

.iplt           0x000000000800ce58        0x0
 .iplt          0x000000000800ce58        0x0 c:/st/stm32cubeide_1.0.1/stm32cubeide/plugins/com.st.stm32cube.ide.mcu.externaltools.gnu-tools-for-stm32.7-2018-q2-update.win32_1.0.0.201904181610/tools/bin/../lib/gcc/arm-none-eabi/7.3.1/thumb/v7e-m/fpv4-sp/hard/crtbegin.o

.rodata         0x000000000800ce58    0x2c660
                0x000000000800ce58                . = ALIGN (0x4)
 *(.rodata)
 .rodata        0x000000000800ce58        0x5 Middlewares/Third_Party/FreeRTOS/Source/tasks.o
 *fill*         0x000000000800ce5d        0x3 
 .rodata        0x000000000800ce60      0x290 Src/main.o
 *(.rodata*)
 .rodata.vht1   0x000000000800d0f0    0x25800 Src/main.o
                0x000000000800d0f0                vht1
 .rodata.AH_LUT_100RH
                0x00000000080328f0       0x28 Src/svm30.o
 .rodata.AHBPrescTable
                0x0000000008032918       0x10 Src/system_stm32f4xx.o
                0x0000000008032918                AHBPrescTable
 .rodata.APBPrescTable
                0x0000000008032928        0x8 Src/system_stm32f4xx.o
                0x0000000008032928                APBPrescTable
 .rodata.asc2_1608
                0x0000000008032930      0x5f0 Src/tft_spi.o
                0x0000000008032930                asc2_1608
 .rodata.Consolas18x32
                0x0000000008032f20     0x1b00 Src/tft_spi.o
                0x0000000008032f20                Consolas18x32
 .rodata.Consolas14x24
                0x0000000008034a20      0xfc0 Src/tft_spi.o
                0x0000000008034a20                Consolas14x24
 .rodata.Consolas26x48
                0x00000000080359e0     0x3a80 Src/tft_spi.o
                0x00000000080359e0                Consolas26x48
 .rodata.__utoa.str1.1
                0x0000000008039460       0x25 c:/st/stm32cubeide_1.0.1/stm32cubeide/plugins/com.st.stm32cube.ide.mcu.externaltools.gnu-tools-for-stm32.7-2018-q2-update.win32_1.0.0.201904181610/tools/bin/../lib/gcc/arm-none-eabi/7.3.1/../../../../arm-none-eabi/lib/thumb/v7e-m/fpv4-sp/hard\libc_nano.a(lib_a-utoa.o)
 .rodata._svfprintf_r.str1.1
                0x0000000008039485       0x11 c:/st/stm32cubeide_1.0.1/stm32cubeide/plugins/com.st.stm32cube.ide.mcu.externaltools.gnu-tools-for-stm32.7-2018-q2-update.win32_1.0.0.201904181610/tools/bin/../lib/gcc/arm-none-eabi/7.3.1/../../../../arm-none-eabi/lib/thumb/v7e-m/fpv4-sp/hard\libc_nano.a(lib_a-nano-svfprintf.o)
 .rodata._printf_i.str1.1
                0x0000000008039496       0x22 c:/st/stm32cubeide_1.0.1/stm32cubeide/plugins/com.st.stm32cube.ide.mcu.externaltools.gnu-tools-for-stm32.7-2018-q2-update.win32_1.0.0.201904181610/tools/bin/../lib/gcc/arm-none-eabi/7.3.1/../../../../arm-none-eabi/lib/thumb/v7e-m/fpv4-sp/hard\libc_nano.a(lib_a-nano-vfprintf_i.o)
                0x00000000080394b8                . = ALIGN (0x4)

.ARM.extab      0x00000000080394b8        0x0
                0x00000000080394b8                . = ALIGN (0x4)
 *(.ARM.extab* .gnu.linkonce.armextab.*)
                0x00000000080394b8                . = ALIGN (0x4)

.ARM            0x00000000080394b8        0x8
                0x00000000080394b8                . = ALIGN (0x4)
                0x00000000080394b8                __exidx_start = .
 *(.ARM.exidx*)
 .ARM.exidx     0x00000000080394b8        0x8 c:/st/stm32cubeide_1.0.1/stm32cubeide/plugins/com.st.stm32cube.ide.mcu.externaltools.gnu-tools-for-stm32.7-2018-q2-update.win32_1.0.0.201904181610/tools/bin/../lib/gcc/arm-none-eabi/7.3.1/thumb/v7e-m/fpv4-sp/hard\libgcc.a(_udivmoddi4.o)
                0x00000000080394c0                __exidx_end = .
                0x00000000080394c0                . = ALIGN (0x4)

.rel.dyn        0x00000000080394c0        0x0
 .rel.iplt      0x00000000080394c0        0x0 c:/st/stm32cubeide_1.0.1/stm32cubeide/plugins/com.st.stm32cube.ide.mcu.externaltools.gnu-tools-for-stm32.7-2018-q2-update.win32_1.0.0.201904181610/tools/bin/../lib/gcc/arm-none-eabi/7.3.1/thumb/v7e-m/fpv4-sp/hard/crtbegin.o

.preinit_array  0x00000000080394c0        0x0
                0x00000000080394c0                . = ALIGN (0x4)
                0x00000000080394c0                PROVIDE (__preinit_array_start = .)
 *(.preinit_array*)
                0x00000000080394c0                PROVIDE (__preinit_array_end = .)
                0x00000000080394c0                . = ALIGN (0x4)

.init_array     0x00000000080394c0        0x4
                0x00000000080394c0                . = ALIGN (0x4)
                0x00000000080394c0                PROVIDE (__init_array_start = .)
 *(SORT_BY_NAME(.init_array.*))
 *(.init_array*)
 .init_array    0x00000000080394c0        0x4 c:/st/stm32cubeide_1.0.1/stm32cubeide/plugins/com.st.stm32cube.ide.mcu.externaltools.gnu-tools-for-stm32.7-2018-q2-update.win32_1.0.0.201904181610/tools/bin/../lib/gcc/arm-none-eabi/7.3.1/thumb/v7e-m/fpv4-sp/hard/crtbegin.o
                0x00000000080394c4                PROVIDE (__init_array_end = .)
                0x00000000080394c4                . = ALIGN (0x4)

.fini_array     0x00000000080394c4        0x4
                0x00000000080394c4                . = ALIGN (0x4)
                [!provide]                        PROVIDE (__fini_array_start = .)
 *(SORT_BY_NAME(.fini_array.*))
 *(.fini_array*)
 .fini_array    0x00000000080394c4        0x4 c:/st/stm32cubeide_1.0.1/stm32cubeide/plugins/com.st.stm32cube.ide.mcu.externaltools.gnu-tools-for-stm32.7-2018-q2-update.win32_1.0.0.201904181610/tools/bin/../lib/gcc/arm-none-eabi/7.3.1/thumb/v7e-m/fpv4-sp/hard/crtbegin.o
                [!provide]                        PROVIDE (__fini_array_end = .)
                0x00000000080394c8                . = ALIGN (0x4)
                0x00000000080394c8                _sidata = LOADADDR (.data)

.data           0x0000000020000000       0x84 load address 0x00000000080394c8
                0x0000000020000000                . = ALIGN (0x4)
                0x0000000020000000                _sdata = .
 *(.data)
 *(.data*)
 .data.uwTickFreq
                0x0000000020000000        0x1 Drivers/STM32F4xx_HAL_Driver/Src/stm32f4xx_hal.o
                0x0000000020000000                uwTickFreq
 *fill*         0x0000000020000001        0x3 
 .data.uxCriticalNesting
                0x0000000020000004        0x4 Middlewares/Third_Party/FreeRTOS/Source/portable/GCC/ARM_CM4F/port.o
 .data.current_fan1_speed
                0x0000000020000008        0x4 Src/fan.o
                0x0000000020000008                current_fan1_speed
 .data.current_fan2_speed
                0x000000002000000c        0x4 Src/fan.o
                0x000000002000000c                current_fan2_speed
 .data.softStartTime
                0x0000000020000010        0x4 Src/fan.o
                0x0000000020000010                softStartTime
 .data.tvoc_ppb
                0x0000000020000014        0x2 Src/main.o
                0x0000000020000014                tvoc_ppb
 .data.co2_ppm  0x0000000020000016        0x2 Src/main.o
                0x0000000020000016                co2_ppm
 .data.shtc1_cmd_measure
                0x0000000020000018        0x2 Src/shtc1.o
 *fill*         0x000000002000001a        0x2 
 .data.SystemCoreClock
                0x000000002000001c        0x4 Src/system_stm32f4xx.o
                0x000000002000001c                SystemCoreClock
 .data._impure_ptr
                0x0000000020000020        0x4 c:/st/stm32cubeide_1.0.1/stm32cubeide/plugins/com.st.stm32cube.ide.mcu.externaltools.gnu-tools-for-stm32.7-2018-q2-update.win32_1.0.0.201904181610/tools/bin/../lib/gcc/arm-none-eabi/7.3.1/../../../../arm-none-eabi/lib/thumb/v7e-m/fpv4-sp/hard\libc_nano.a(lib_a-impure.o)
                0x0000000020000020                _impure_ptr
 .data.impure_data
                0x0000000020000024       0x60 c:/st/stm32cubeide_1.0.1/stm32cubeide/plugins/com.st.stm32cube.ide.mcu.externaltools.gnu-tools-for-stm32.7-2018-q2-update.win32_1.0.0.201904181610/tools/bin/../lib/gcc/arm-none-eabi/7.3.1/../../../../arm-none-eabi/lib/thumb/v7e-m/fpv4-sp/hard\libc_nano.a(lib_a-impure.o)
                0x0000000020000084                . = ALIGN (0x4)
                0x0000000020000084                _edata = .

.igot.plt       0x0000000020000084        0x0 load address 0x000000000803954c
 .igot.plt      0x0000000020000084        0x0 c:/st/stm32cubeide_1.0.1/stm32cubeide/plugins/com.st.stm32cube.ide.mcu.externaltools.gnu-tools-for-stm32.7-2018-q2-update.win32_1.0.0.201904181610/tools/bin/../lib/gcc/arm-none-eabi/7.3.1/thumb/v7e-m/fpv4-sp/hard/crtbegin.o
                0x0000000020000084                . = ALIGN (0x4)

.bss            0x0000000020000084     0x482c load address 0x000000000803954c
                0x0000000020000084                _sbss = .
                0x0000000020000084                __bss_start__ = _sbss
 *(.bss)
 .bss           0x0000000020000084       0x1c c:/st/stm32cubeide_1.0.1/stm32cubeide/plugins/com.st.stm32cube.ide.mcu.externaltools.gnu-tools-for-stm32.7-2018-q2-update.win32_1.0.0.201904181610/tools/bin/../lib/gcc/arm-none-eabi/7.3.1/thumb/v7e-m/fpv4-sp/hard/crtbegin.o
 *(.bss*)
 .bss.pxCurrentTCB
                0x00000000200000a0        0x4 Middlewares/Third_Party/FreeRTOS/Source/tasks.o
                0x00000000200000a0                pxCurrentTCB
 .bss.pxReadyTasksLists
                0x00000000200000a4       0x8c Middlewares/Third_Party/FreeRTOS/Source/tasks.o
 .bss.xDelayedTaskList1
                0x0000000020000130       0x14 Middlewares/Third_Party/FreeRTOS/Source/tasks.o
 .bss.xDelayedTaskList2
                0x0000000020000144       0x14 Middlewares/Third_Party/FreeRTOS/Source/tasks.o
 .bss.pxDelayedTaskList
                0x0000000020000158        0x4 Middlewares/Third_Party/FreeRTOS/Source/tasks.o
 .bss.pxOverflowDelayedTaskList
                0x000000002000015c        0x4 Middlewares/Third_Party/FreeRTOS/Source/tasks.o
 .bss.xPendingReadyList
                0x0000000020000160       0x14 Middlewares/Third_Party/FreeRTOS/Source/tasks.o
 .bss.xTasksWaitingTermination
                0x0000000020000174       0x14 Middlewares/Third_Party/FreeRTOS/Source/tasks.o
 .bss.uxDeletedTasksWaitingCleanUp
                0x0000000020000188        0x4 Middlewares/Third_Party/FreeRTOS/Source/tasks.o
 .bss.xSuspendedTaskList
                0x000000002000018c       0x14 Middlewares/Third_Party/FreeRTOS/Source/tasks.o
 .bss.uxCurrentNumberOfTasks
                0x00000000200001a0        0x4 Middlewares/Third_Party/FreeRTOS/Source/tasks.o
 .bss.xTickCount
                0x00000000200001a4        0x4 Middlewares/Third_Party/FreeRTOS/Source/tasks.o
 .bss.uxTopReadyPriority
                0x00000000200001a8        0x4 Middlewares/Third_Party/FreeRTOS/Source/tasks.o
 .bss.xSchedulerRunning
                0x00000000200001ac        0x4 Middlewares/Third_Party/FreeRTOS/Source/tasks.o
 .bss.uxPendedTicks
                0x00000000200001b0        0x4 Middlewares/Third_Party/FreeRTOS/Source/tasks.o
 .bss.xYieldPending
                0x00000000200001b4        0x4 Middlewares/Third_Party/FreeRTOS/Source/tasks.o
 .bss.xNumOfOverflows
                0x00000000200001b8        0x4 Middlewares/Third_Party/FreeRTOS/Source/tasks.o
 .bss.uxTaskNumber
                0x00000000200001bc        0x4 Middlewares/Third_Party/FreeRTOS/Source/tasks.o
 .bss.xNextTaskUnblockTime
                0x00000000200001c0        0x4 Middlewares/Third_Party/FreeRTOS/Source/tasks.o
 .bss.xIdleTaskHandle
                0x00000000200001c4        0x4 Middlewares/Third_Party/FreeRTOS/Source/tasks.o
 .bss.uxSchedulerSuspended
                0x00000000200001c8        0x4 Middlewares/Third_Party/FreeRTOS/Source/tasks.o
 .bss.ucMaxSysCallPriority
                0x00000000200001cc        0x1 Middlewares/Third_Party/FreeRTOS/Source/portable/GCC/ARM_CM4F/port.o
 *fill*         0x00000000200001cd        0x3 
 .bss.ulMaxPRIGROUPValue
                0x00000000200001d0        0x4 Middlewares/Third_Party/FreeRTOS/Source/portable/GCC/ARM_CM4F/port.o
 .bss.ucHeap    0x00000000200001d4     0x3c00 Middlewares/Third_Party/FreeRTOS/Source/portable/MemMang/heap_4.o
 .bss.xStart    0x0000000020003dd4        0x8 Middlewares/Third_Party/FreeRTOS/Source/portable/MemMang/heap_4.o
 .bss.pxEnd     0x0000000020003ddc        0x4 Middlewares/Third_Party/FreeRTOS/Source/portable/MemMang/heap_4.o
 .bss.xFreeBytesRemaining
                0x0000000020003de0        0x4 Middlewares/Third_Party/FreeRTOS/Source/portable/MemMang/heap_4.o
 .bss.xMinimumEverFreeBytesRemaining
                0x0000000020003de4        0x4 Middlewares/Third_Party/FreeRTOS/Source/portable/MemMang/heap_4.o
 .bss.xBlockAllocatedBit
                0x0000000020003de8        0x4 Middlewares/Third_Party/FreeRTOS/Source/portable/MemMang/heap_4.o
 .bss.xIdleTaskTCBBuffer
                0x0000000020003dec       0x54 Src/freertos.o
 .bss.xIdleStack
                0x0000000020003e40      0x200 Src/freertos.o
 .bss.num       0x0000000020004040        0x2 Src/main.o
                0x0000000020004040                num
 .bss.FLAG      0x0000000020004042        0x1 Src/main.o
                0x0000000020004042                FLAG
 .bss.FLAG1     0x0000000020004043        0x1 Src/main.o
                0x0000000020004043                FLAG1
 .bss.FLAG2     0x0000000020004044        0x1 Src/main.o
                0x0000000020004044                FLAG2
 .bss.FLAG3     0x0000000020004045        0x1 Src/main.o
                0x0000000020004045                FLAG3
 .bss.FLAG4     0x0000000020004046        0x1 Src/main.o
                0x0000000020004046                FLAG4
 *fill*         0x0000000020004047        0x1 
 .bss.temperature
                0x0000000020004048        0x4 Src/main.o
                0x0000000020004048                temperature
 .bss.humidity  0x000000002000404c        0x4 Src/main.o
                0x000000002000404c                humidity
 .bss.Rx_indx   0x0000000020004050        0x4 Src/main.o
                0x0000000020004050                Rx_indx
 .bss.cursor    0x0000000020004054        0x4 Src/main.o
                0x0000000020004054                cursor
 .bss.length    0x0000000020004058        0x4 Src/main.o
                0x0000000020004058                length
 .bss.tempe1    0x000000002000405c        0x5 Src/main.o
                0x000000002000405c                tempe1
 *fill*         0x0000000020004061        0x3 
 .bss.tempe2    0x0000000020004064        0x5 Src/main.o
                0x0000000020004064                tempe2
 *fill*         0x0000000020004069        0x3 
 .bss.humi1     0x000000002000406c        0x5 Src/main.o
                0x000000002000406c                humi1
 *fill*         0x0000000020004071        0x3 
 .bss.humi2     0x0000000020004074        0x5 Src/main.o
                0x0000000020004074                humi2
 *fill*         0x0000000020004079        0x3 
 .bss.CO2       0x000000002000407c        0x5 Src/main.o
                0x000000002000407c                CO2
 *fill*         0x0000000020004081        0x3 
 .bss.VOC       0x0000000020004084        0x5 Src/main.o
                0x0000000020004084                VOC
 *fill*         0x0000000020004089        0x3 
 .bss.PM251     0x000000002000408c        0x5 Src/main.o
                0x000000002000408c                PM251
 *fill*         0x0000000020004091        0x3 
 .bss.PM252     0x0000000020004094        0x5 Src/main.o
                0x0000000020004094                PM252
 *fill*         0x0000000020004099        0x3 
 .bss.Vanst     0x000000002000409c        0x4 Src/main.o
                0x000000002000409c                Vanst
 .bss.hi2c1     0x00000000200040a0       0x54 Src/sensirion_hw_i2c_implementation.o
 .bss.heap_end.6424
                0x00000000200040f4        0x4 Src/sysmem.o
 .bss.__malloc_free_list
                0x00000000200040f8        0x4 c:/st/stm32cubeide_1.0.1/stm32cubeide/plugins/com.st.stm32cube.ide.mcu.externaltools.gnu-tools-for-stm32.7-2018-q2-update.win32_1.0.0.201904181610/tools/bin/../lib/gcc/arm-none-eabi/7.3.1/../../../../arm-none-eabi/lib/thumb/v7e-m/fpv4-sp/hard\libc_nano.a(lib_a-nano-mallocr.o)
                0x00000000200040f8                __malloc_free_list
 .bss.__malloc_sbrk_start
                0x00000000200040fc        0x4 c:/st/stm32cubeide_1.0.1/stm32cubeide/plugins/com.st.stm32cube.ide.mcu.externaltools.gnu-tools-for-stm32.7-2018-q2-update.win32_1.0.0.201904181610/tools/bin/../lib/gcc/arm-none-eabi/7.3.1/../../../../arm-none-eabi/lib/thumb/v7e-m/fpv4-sp/hard\libc_nano.a(lib_a-nano-mallocr.o)
                0x00000000200040fc                __malloc_sbrk_start
 *(COMMON)
 COMMON         0x0000000020004100        0x4 Drivers/STM32F4xx_HAL_Driver/Src/stm32f4xx_hal.o
                0x0000000020004100                uwTick
 COMMON         0x0000000020004104      0x764 Src/main.o
                0x0000000020004104                hum
                0x0000000020004108                PM25
                0x000000002000410c                Task02Handle
                0x0000000020004110                huong
                0x0000000020004111                Transfer_cplt
                0x0000000020004114                tmpInt2
                0x0000000020004118                hspi2
                0x0000000020004170                UVmode
                0x0000000020004174                power
                0x0000000020004178                hi2c1
                0x00000000200041cc                myMutexLCDHandle
                0x00000000200041d0                Rx_data
                0x00000000200041d4                temp
                0x00000000200041d8                ctrmode
                0x00000000200041dc                Task04Handle
                0x00000000200041e0                htim3
                0x0000000020004220                tmpIntte1
                0x0000000020004224                tmpIntPM2
                0x0000000020004228                Task1Handle
                0x000000002000422c                tmpInthu1
                0x0000000020004230                buffer2
                0x0000000020004244                val
                0x0000000020004250                huart1
                0x0000000020004290                tmpInt1
                0x0000000020004294                receive_data
                0x0000000020004494                buffer
                0x00000000200044a8                tmpIntte2
                0x00000000200044ac                ionval
                0x00000000200044b0                nightmode
                0x00000000200044b4                Task06Handle
                0x00000000200044b8                err
                0x00000000200044bc                buffer5
                0x00000000200044d0                rxBuffer
                0x00000000200044d4                tmpInthu2
                0x00000000200044d8                htim1
                0x0000000020004518                Rx_Buffer
                0x0000000020004540                IONmode
                0x0000000020004544                buffer4
                0x0000000020004558                frame
                0x00000000200045bc                speed
                0x00000000200045c0                Task03Handle
                0x00000000200045c4                send_data
                0x00000000200047c4                htim2
                0x0000000020004804                iaq_baseline
                0x0000000020004808                Task05Handle
                0x000000002000480c                buffer1
                0x0000000020004820                buffer3
                0x0000000020004834                tmpIntPM1
                0x0000000020004838                ret
                0x000000002000483c                m
                0x0000000020004864                filmode
 COMMON         0x0000000020004868       0x40 Src/stm32f4xx_hal_timebase_tim.o
                0x0000000020004868                htim4
 COMMON         0x00000000200048a8        0x4 Src/tft_spi.o
                0x00000000200048a8                BACK_COLOR
                0x00000000200048aa                POINT_COLOR
 COMMON         0x00000000200048ac        0x4 c:/st/stm32cubeide_1.0.1/stm32cubeide/plugins/com.st.stm32cube.ide.mcu.externaltools.gnu-tools-for-stm32.7-2018-q2-update.win32_1.0.0.201904181610/tools/bin/../lib/gcc/arm-none-eabi/7.3.1/../../../../arm-none-eabi/lib/thumb/v7e-m/fpv4-sp/hard\libc_nano.a(lib_a-reent.o)
                0x00000000200048ac                errno
                0x00000000200048b0                . = ALIGN (0x4)
                0x00000000200048b0                _ebss = .
                0x00000000200048b0                __bss_end__ = _ebss

._user_heap_stack
                0x00000000200048b0      0x600 load address 0x000000000803954c
                0x00000000200048b0                . = ALIGN (0x8)
                0x00000000200048b0                PROVIDE (end = .)
                [!provide]                        PROVIDE (_end = .)
                0x0000000020004ab0                . = (. + _Min_Heap_Size)
 *fill*         0x00000000200048b0      0x200 
                0x0000000020004eb0                . = (. + _Min_Stack_Size)
 *fill*         0x0000000020004ab0      0x400 
                0x0000000020004eb0                . = ALIGN (0x8)

/DISCARD/
 libc.a(*)
 libm.a(*)
 libgcc.a(*)

.ARM.attributes
                0x0000000000000000       0x30
 *(.ARM.attributes)
 .ARM.attributes
                0x0000000000000000       0x22 c:/st/stm32cubeide_1.0.1/stm32cubeide/plugins/com.st.stm32cube.ide.mcu.externaltools.gnu-tools-for-stm32.7-2018-q2-update.win32_1.0.0.201904181610/tools/bin/../lib/gcc/arm-none-eabi/7.3.1/thumb/v7e-m/fpv4-sp/hard/crti.o
 .ARM.attributes
                0x0000000000000022       0x34 c:/st/stm32cubeide_1.0.1/stm32cubeide/plugins/com.st.stm32cube.ide.mcu.externaltools.gnu-tools-for-stm32.7-2018-q2-update.win32_1.0.0.201904181610/tools/bin/../lib/gcc/arm-none-eabi/7.3.1/thumb/v7e-m/fpv4-sp/hard/crtbegin.o
 .ARM.attributes
                0x0000000000000056       0x39 Drivers/STM32F4xx_HAL_Driver/Src/stm32f4xx_hal.o
 .ARM.attributes
                0x000000000000008f       0x39 Drivers/STM32F4xx_HAL_Driver/Src/stm32f4xx_hal_cortex.o
 .ARM.attributes
                0x00000000000000c8       0x39 Drivers/STM32F4xx_HAL_Driver/Src/stm32f4xx_hal_dma.o
 .ARM.attributes
                0x0000000000000101       0x39 Drivers/STM32F4xx_HAL_Driver/Src/stm32f4xx_hal_gpio.o
 .ARM.attributes
                0x000000000000013a       0x39 Drivers/STM32F4xx_HAL_Driver/Src/stm32f4xx_hal_i2c.o
 .ARM.attributes
                0x0000000000000173       0x39 Drivers/STM32F4xx_HAL_Driver/Src/stm32f4xx_hal_rcc.o
 .ARM.attributes
                0x00000000000001ac       0x39 Drivers/STM32F4xx_HAL_Driver/Src/stm32f4xx_hal_spi.o
 .ARM.attributes
                0x00000000000001e5       0x39 Drivers/STM32F4xx_HAL_Driver/Src/stm32f4xx_hal_tim.o
 .ARM.attributes
                0x000000000000021e       0x39 Drivers/STM32F4xx_HAL_Driver/Src/stm32f4xx_hal_tim_ex.o
 .ARM.attributes
                0x0000000000000257       0x39 Drivers/STM32F4xx_HAL_Driver/Src/stm32f4xx_hal_uart.o
 .ARM.attributes
                0x0000000000000290       0x39 Middlewares/Third_Party/FreeRTOS/Source/CMSIS_RTOS/cmsis_os.o
 .ARM.attributes
                0x00000000000002c9       0x39 Middlewares/Third_Party/FreeRTOS/Source/list.o
 .ARM.attributes
                0x0000000000000302       0x39 Middlewares/Third_Party/FreeRTOS/Source/queue.o
 .ARM.attributes
                0x000000000000033b       0x39 Middlewares/Third_Party/FreeRTOS/Source/tasks.o
 .ARM.attributes
                0x0000000000000374       0x39 Middlewares/Third_Party/FreeRTOS/Source/portable/GCC/ARM_CM4F/port.o
 .ARM.attributes
                0x00000000000003ad       0x39 Middlewares/Third_Party/FreeRTOS/Source/portable/MemMang/heap_4.o
 .ARM.attributes
                0x00000000000003e6       0x39 Src/fan.o
 .ARM.attributes
                0x000000000000041f       0x39 Src/freertos.o
 .ARM.attributes
                0x0000000000000458       0x39 Src/main.o
 .ARM.attributes
                0x0000000000000491       0x39 Src/sensirion_common.o
 .ARM.attributes
                0x00000000000004ca       0x39 Src/sensirion_hw_i2c_implementation.o
 .ARM.attributes
                0x0000000000000503       0x39 Src/sgp30.o
 .ARM.attributes
                0x000000000000053c       0x39 Src/shtc1.o
 .ARM.attributes
                0x0000000000000575       0x39 Src/sps30.o
 .ARM.attributes
                0x00000000000005ae       0x39 Src/stm32f4xx_hal_msp.o
 .ARM.attributes
                0x00000000000005e7       0x39 Src/stm32f4xx_hal_timebase_tim.o
 .ARM.attributes
                0x0000000000000620       0x39 Src/stm32f4xx_it.o
 .ARM.attributes
                0x0000000000000659       0x39 Src/svm30.o
 .ARM.attributes
                0x0000000000000692       0x39 Src/sysmem.o
 .ARM.attributes
                0x00000000000006cb       0x39 Src/system_stm32f4xx.o
 .ARM.attributes
                0x0000000000000704       0x39 Src/tft_spi.o
 .ARM.attributes
                0x000000000000073d       0x21 Startup/startup_stm32f411retx.o
 .ARM.attributes
                0x000000000000075e       0x34 c:/st/stm32cubeide_1.0.1/stm32cubeide/plugins/com.st.stm32cube.ide.mcu.externaltools.gnu-tools-for-stm32.7-2018-q2-update.win32_1.0.0.201904181610/tools/bin/../lib/gcc/arm-none-eabi/7.3.1/../../../../arm-none-eabi/lib/thumb/v7e-m/fpv4-sp/hard\libc_nano.a(lib_a-errno.o)
 .ARM.attributes