main.c:170:5:main	200	static
main.c:315:6:SystemClock_Config	88	static
main.c:359:13:MX_I2C1_Init	8	static
main.c:393:13:MX_SPI2_Init	8	static
main.c:431:13:MX_TIM1_Init	80	static
main.c:500:13:MX_TIM2_Init	64	static
main.c:568:13:MX_TIM3_Init	48	static
main.c:621:13:MX_USART1_UART_Init	8	static
main.c:654:13:MX_GPIO_Init	48	static
main.c:702:6:StartTask1	16	static
main.c:740:6:StartTask02	16	static
main.c:759:6:StartTask03	24	static
main.c:834:6:StartTask04	16	static
main.c:856:6:StartTask05	16	static
main.c:874:6:StartTask06	16	static
main.c:886:6:HAL_UART_RxCpltCallback	24	static
main.c:909:6:Convertvalue	32	static
main.c:929:6:FrameUART	8	static
main.c:1021:6:CheckUART	24	static
main.c:1291:6:IAQcolor	4	static
main.c:1316:6:FormInterface	8	static
main.c:1432:6:IAQform	16	static
main.c:1477:6:HAL_TIM_PeriodElapsedCallback	16	static
main.c:1506:6:Error_Handler	4	static
