stm32f4xx_it.c:78:6:NMI_Handler	4	static
stm32f4xx_it.c:91:6:HardFault_Handler	4	static
stm32f4xx_it.c:106:6:MemManage_Handler	4	static
stm32f4xx_it.c:121:6:BusFault_Handler	4	static
stm32f4xx_it.c:136:6:UsageFault_Handler	4	static
stm32f4xx_it.c:151:6:DebugMon_Handler	4	static
stm32f4xx_it.c:171:6:TIM2_IRQHandler	8	static
stm32f4xx_it.c:185:6:TIM3_IRQHandler	8	static
stm32f4xx_it.c:199:6:TIM4_IRQHandler	8	static
stm32f4xx_it.c:213:6:I2C1_EV_IRQHandler	8	static
stm32f4xx_it.c:227:6:I2C1_ER_IRQHandler	8	static
stm32f4xx_it.c:241:6:SPI2_IRQHandler	8	static
stm32f4xx_it.c:255:6:USART1_IRQHandler	8	static
